#
# There is insufficient memory for the Java Runtime Environment to continue.
# Native memory allocation (malloc) failed to allocate 1731536 bytes. Error detail: Chunk::new
# Possible reasons:
#   The system is out of physical RAM or swap space
#   This process is running with CompressedOops enabled, and the Java Heap may be blocking the growth of the native heap
# Possible solutions:
#   Reduce memory load on the system
#   Increase physical memory or swap space
#   Check if swap backing store is full
#   Decrease Java heap size (-Xmx/-Xms)
#   Decrease number of Java threads
#   Decrease Java thread stack sizes (-Xss)
#   Set larger code cache with -XX:ReservedCodeCacheSize=
#   JVM is running with Unscaled Compressed Oops mode in which the Java heap is
#     placed in the first 4GB address space. The Java Heap base address is the
#     maximum limit for the native heap growth. Please use -XX:HeapBaseMinAddress
#     to set the Java Heap base and to place the Java Heap above 4GB virtual address.
# This output file may be truncated or incomplete.
#
#  Out of Memory Error (arena.cpp:150), pid=2836, tid=36520
#
# JRE version: Java(TM) SE Runtime Environment (22.0.1+8) (build 22.0.1+8-16)
# Java VM: Java HotSpot(TM) 64-Bit Server VM (22.0.1+8-16, mixed mode, sharing, tiered, compressed oops, compressed class ptrs, g1 gc, windows-amd64)
# No core dump will be written. Minidumps are not enabled by default on client versions of Windows
#

---------------  S U M M A R Y ------------

Command Line: --enable-native-access=ALL-UNNAMED -Dclassworlds.conf=C:\apache-maven-3.9.15-bin\apache-maven-3.9.15\bin\m2.conf -Dmaven.home=C:\apache-maven-3.9.15-bin\apache-maven-3.9.15 -Dlibrary.jansi.path=C:\apache-maven-3.9.15-bin\apache-maven-3.9.15\lib\jansi-native -Dmaven.multiModuleProjectDirectory=C:\Users\agraw\Desktop\ParkEase\parkease_backend\analytics-service org.codehaus.plexus.classworlds.launcher.Launcher clean verify sonar:sonar -Dsonar.projectKey=parkease-backend-analytics-service -Dsonar.projectName=ParkEase Backend - analytics-service -Dsonar.host.url=http://localhost:9000 -Dsonar.token=squ_3b5a4bc37b72ec26530794fa9bbc760163ffddaa -DskipTests

Host: 12th Gen Intel(R) Core(TM) i5-1235U, 12 cores, 7G,  Windows 11 , 64 bit Build 26100 (10.0.26100.8328)
Time: Tue May  5 13:58:31 2026 India Standard Time elapsed time: 61.687863 seconds (0d 0h 1m 1s)

---------------  T H R E A D  ---------------

Current thread (0x000001cb844e56f0):  JavaThread "C2 CompilerThread0" daemon [_thread_in_native, id=36520, stack(0x00000056aec00000,0x00000056aed00000) (1024K)]


Current CompileTask:
C2:61688 9167   !   4       java.net.URLClassLoader::findClass (47 bytes)

Stack: [0x00000056aec00000,0x00000056aed00000]
Native frames: (J=compiled Java code, j=interpreted, Vv=VM code, C=native code)
V  [jvm.dll+0x6e2279]  (no source info available)
V  [jvm.dll+0x874e33]  (no source info available)
V  [jvm.dll+0x87725e]  (no source info available)
V  [jvm.dll+0x877933]  (no source info available)
V  [jvm.dll+0x27fd76]  (no source info available)
V  [jvm.dll+0xc3d0f]  (no source info available)
V  [jvm.dll+0xc3f6b]  (no source info available)
V  [jvm.dll+0x3bb0d2]  (no source info available)
V  [jvm.dll+0x387b6b]  (no source info available)
V  [jvm.dll+0x386fda]  (no source info available)
V  [jvm.dll+0x247918]  (no source info available)
V  [jvm.dll+0x246fbf]  (no source info available)
V  [jvm.dll+0x1c4e90]  (no source info available)
V  [jvm.dll+0x2569fe]  (no source info available)
V  [jvm.dll+0x254cba]  (no source info available)
V  [jvm.dll+0x3f5336]  (no source info available)
V  [jvm.dll+0x81d44b]  (no source info available)
V  [jvm.dll+0x6e0915]  (no source info available)
C  [ucrtbase.dll+0x37b0]  (no source info available)
C  [KERNEL32.DLL+0x2e957]  (no source info available)
C  [ntdll.dll+0x427c]  (no source info available)


---------------  P R O C E S S  ---------------

Threads class SMR info:
_java_thread_list=0x000001cbca0db260, length=14, elements={
0x000001cbe55c0e80, 0x000001cb844d97d0, 0x000001cb844da230, 0x000001cb844dd390,
0x000001cb844e0350, 0x000001cb844e1370, 0x000001cb844e4140, 0x000001cb844e56f0,
0x000001cb846314a0, 0x000001cb847df060, 0x000001cb847e2760, 0x000001cbcb134630,
0x000001cbcbb40330, 0x000001cbcbb42400
}

Java Threads: ( => current thread )
  0x000001cbe55c0e80 JavaThread "main"                              [_thread_in_vm, id=18852, stack(0x00000056ade00000,0x00000056adf00000) (1024K)]
  0x000001cb844d97d0 JavaThread "Reference Handler"          daemon [_thread_blocked, id=10052, stack(0x00000056ae600000,0x00000056ae700000) (1024K)]
  0x000001cb844da230 JavaThread "Finalizer"                  daemon [_thread_blocked, id=20212, stack(0x00000056ae700000,0x00000056ae800000) (1024K)]
  0x000001cb844dd390 JavaThread "Signal Dispatcher"          daemon [_thread_blocked, id=5764, stack(0x00000056ae800000,0x00000056ae900000) (1024K)]
  0x000001cb844e0350 JavaThread "Attach Listener"            daemon [_thread_blocked, id=5372, stack(0x00000056ae900000,0x00000056aea00000) (1024K)]
  0x000001cb844e1370 JavaThread "Service Thread"             daemon [_thread_blocked, id=16748, stack(0x00000056aea00000,0x00000056aeb00000) (1024K)]
  0x000001cb844e4140 JavaThread "Monitor Deflation Thread"   daemon [_thread_blocked, id=11328, stack(0x00000056aeb00000,0x00000056aec00000) (1024K)]
=>0x000001cb844e56f0 JavaThread "C2 CompilerThread0"         daemon [_thread_in_native, id=36520, stack(0x00000056aec00000,0x00000056aed00000) (1024K)]
  0x000001cb846314a0 JavaThread "C1 CompilerThread0"         daemon [_thread_blocked, id=5456, stack(0x00000056aed00000,0x00000056aee00000) (1024K)]
  0x000001cb847df060 JavaThread "Notification Thread"        daemon [_thread_blocked, id=24288, stack(0x00000056aee00000,0x00000056aef00000) (1024K)]
  0x000001cb847e2760 JavaThread "Common-Cleaner"             daemon [_thread_blocked, id=25888, stack(0x00000056aef00000,0x00000056af000000) (1024K)]
  0x000001cbcb134630 JavaThread "Thread-1"                   daemon [_thread_blocked, id=18668, stack(0x00000056afa00000,0x00000056afb00000) (1024K)]
  0x000001cbcbb40330 JavaThread "OkHttp ConnectionPool"      daemon [_thread_blocked, id=35744, stack(0x00000056afd00000,0x00000056afe00000) (1024K)]
  0x000001cbcbb42400 JavaThread "Okio Watchdog"              daemon [_thread_blocked, id=31036, stack(0x00000056afe00000,0x00000056aff00000) (1024K)]
Total: 14

Other Threads:
  0x000001cb844bde60 VMThread "VM Thread"                           [id=22728, stack(0x00000056ae500000,0x00000056ae600000) (1024K)]
  0x000001cb844a3400 WatcherThread "VM Periodic Task Thread"        [id=29148, stack(0x00000056ae400000,0x00000056ae500000) (1024K)]
  0x000001cbe79568d0 WorkerThread "GC Thread#0"                     [id=14560, stack(0x00000056adf00000,0x00000056ae000000) (1024K)]
  0x000001cbca17a840 WorkerThread "GC Thread#1"                     [id=28760, stack(0x00000056af100000,0x00000056af200000) (1024K)]
  0x000001cbcaf37150 WorkerThread "GC Thread#2"                     [id=33452, stack(0x00000056af200000,0x00000056af300000) (1024K)]
  0x000001cbcaf37500 WorkerThread "GC Thread#3"                     [id=20308, stack(0x00000056af300000,0x00000056af400000) (1024K)]
  0x000001cbca838c90 WorkerThread "GC Thread#4"                     [id=20012, stack(0x00000056af400000,0x00000056af500000) (1024K)]
  0x000001cbca839040 WorkerThread "GC Thread#5"                     [id=33828, stack(0x00000056af500000,0x00000056af600000) (1024K)]
  0x000001cbcaece5e0 WorkerThread "GC Thread#6"                     [id=10068, stack(0x00000056af600000,0x00000056af700000) (1024K)]
  0x000001cbcaece990 WorkerThread "GC Thread#7"                     [id=33224, stack(0x00000056af700000,0x00000056af800000) (1024K)]
  0x000001cbcad94aa0 WorkerThread "GC Thread#8"                     [id=19880, stack(0x00000056af800000,0x00000056af900000) (1024K)]
  0x000001cbca85d600 WorkerThread "GC Thread#9"                     [id=22836, stack(0x00000056af900000,0x00000056afa00000) (1024K)]
  0x000001cbe7983e40 ConcurrentGCThread "G1 Main Marker"            [id=28632, stack(0x00000056ae000000,0x00000056ae100000) (1024K)]
  0x000001cbe7984f00 WorkerThread "G1 Conc#0"                       [id=23252, stack(0x00000056ae100000,0x00000056ae200000) (1024K)]
  0x000001cbcbe82c90 WorkerThread "G1 Conc#1"                       [id=17112, stack(0x00000056afb00000,0x00000056afc00000) (1024K)]
  0x000001cbcbe833f0 WorkerThread "G1 Conc#2"                       [id=35740, stack(0x00000056afc00000,0x00000056afd00000) (1024K)]
  0x000001cb84374600 ConcurrentGCThread "G1 Refine#0"               [id=23760, stack(0x00000056ae200000,0x00000056ae300000) (1024K)]
  0x000001cb84374f90 ConcurrentGCThread "G1 Service"                [id=13932, stack(0x00000056ae300000,0x00000056ae400000) (1024K)]
Total: 18

Threads with active compile tasks:
C2 CompilerThread0  62109 9167   !   4       java.net.URLClassLoader::findClass (47 bytes)
Total: 1

VM state: not at safepoint (normal execution)

VM Mutex/Monitor currently owned by a thread:  ([mutex/lock_event])
[0x00007fffdb4b9b38] Metaspace_lock - owner thread: 0x000001cbe55c0e80

Heap address: 0x0000000085200000, size: 1966 MB, Compressed Oops mode: 32-bit

CDS archive(s) mapped at: [0x000001cb85000000-0x000001cb85c60000-0x000001cb85c60000), size 12976128, SharedBaseAddress: 0x000001cb85000000, ArchiveRelocationMode: 1.
Compressed class space mapped at: 0x000001cb86000000-0x000001cbc6000000, reserved size: 1073741824
Narrow klass base: 0x000001cb85000000, Narrow klass shift: 0, Narrow klass range: 0x41000000

GC Precious Log:
 CardTable entry size: 512
 Card Set container configuration: InlinePtr #cards 5 size 8 Array Of Cards #cards 12 size 40 Howl #buckets 4 coarsen threshold 1843 Howl Bitmap #cards 512 size 80 coarsen threshold 460 Card regions per heap region 1 cards per card region 2048
 CPUs: 12 total, 12 available
 Memory: 7863M
 Large Page Support: Disabled
 NUMA Support: Disabled
 Compressed Oops: Enabled (32-bit)
 Heap Region Size: 1M
 Heap Min Capacity: 8M
 Heap Initial Capacity: 124M
 Heap Max Capacity: 1966M
 Pre-touch: Disabled
 Parallel Workers: 10
 Concurrent Workers: 3
 Concurrent Refinement Workers: 10
 Periodic GC: Disabled

Heap:
 garbage-first heap   total reserved 2013184K, committed 177152K, used 99419K [0x0000000085200000, 0x0000000100000000)
  region size 1024K, 43 young (44032K), 7 survivors (7168K)
 Metaspace       used 50130K, committed 50752K, reserved 1114112K
  class space    used 5847K, committed 6144K, reserved 1048576K

Heap Regions: E=young(eden), S=young(survivor), O=old, HS=humongous(starts), HC=humongous(continues), CS=collection set, F=free, TAMS=top-at-mark-start, PB=parsable bottom
|   0|0x0000000085200000, 0x0000000085300000, 0x0000000085300000|100%| O|  |TAMS 0x0000000085200000| PB 0x0000000085200000| Untracked |  0
|   1|0x0000000085300000, 0x0000000085400000, 0x0000000085400000|100%| O|  |TAMS 0x0000000085300000| PB 0x0000000085300000| Untracked |  0
|   2|0x0000000085400000, 0x0000000085500000, 0x0000000085500000|100%| O|  |TAMS 0x0000000085400000| PB 0x0000000085400000| Untracked |  0
|   3|0x0000000085500000, 0x0000000085600000, 0x0000000085600000|100%| O|  |TAMS 0x0000000085500000| PB 0x0000000085500000| Untracked |  0
|   4|0x0000000085600000, 0x0000000085700000, 0x0000000085700000|100%| O|  |TAMS 0x0000000085600000| PB 0x0000000085600000| Untracked |  0
|   5|0x0000000085700000, 0x0000000085800000, 0x0000000085800000|100%| O|  |TAMS 0x0000000085700000| PB 0x0000000085700000| Untracked |  0
|   6|0x0000000085800000, 0x0000000085900000, 0x0000000085900000|100%| O|  |TAMS 0x0000000085800000| PB 0x0000000085800000| Untracked |  0
|   7|0x0000000085900000, 0x0000000085a00000, 0x0000000085a00000|100%| O|  |TAMS 0x0000000085900000| PB 0x0000000085900000| Untracked |  0
|   8|0x0000000085a00000, 0x0000000085b00000, 0x0000000085b00000|100%| O|  |TAMS 0x0000000085a00000| PB 0x0000000085a00000| Untracked |  0
|   9|0x0000000085b00000, 0x0000000085c00000, 0x0000000085c00000|100%| O|  |TAMS 0x0000000085b00000| PB 0x0000000085b00000| Untracked |  0
|  10|0x0000000085c00000, 0x0000000085d00000, 0x0000000085d00000|100%| O|  |TAMS 0x0000000085c00000| PB 0x0000000085c00000| Untracked |  0
|  11|0x0000000085d00000, 0x0000000085e00000, 0x0000000085e00000|100%| O|  |TAMS 0x0000000085d00000| PB 0x0000000085d00000| Untracked |  0
|  12|0x0000000085e00000, 0x0000000085f00000, 0x0000000085f00000|100%| O|  |TAMS 0x0000000085e00000| PB 0x0000000085e00000| Untracked |  0
|  13|0x0000000085f00000, 0x0000000086000000, 0x0000000086000000|100%|HS|  |TAMS 0x0000000085f00000| PB 0x0000000085f00000| Complete |  0
|  14|0x0000000086000000, 0x0000000086100000, 0x0000000086100000|100%| O|  |TAMS 0x0000000086000000| PB 0x0000000086000000| Untracked |  0
|  15|0x0000000086100000, 0x0000000086100000, 0x0000000086200000|  0%| F|  |TAMS 0x0000000086100000| PB 0x0000000086100000| Untracked |  0
|  16|0x0000000086200000, 0x0000000086300000, 0x0000000086300000|100%|HS|  |TAMS 0x0000000086200000| PB 0x0000000086200000| Complete |  0
|  17|0x0000000086300000, 0x0000000086400000, 0x0000000086400000|100%| O|Cm|TAMS 0x0000000086300000| PB 0x0000000086300000| Complete |  0
|  18|0x0000000086400000, 0x0000000086400000, 0x0000000086500000|  0%| F|  |TAMS 0x0000000086400000| PB 0x0000000086400000| Untracked |  0
|  19|0x0000000086500000, 0x0000000086600000, 0x0000000086600000|100%|HS|  |TAMS 0x0000000086500000| PB 0x0000000086500000| Complete |  0
|  20|0x0000000086600000, 0x0000000086700000, 0x0000000086700000|100%|HC|  |TAMS 0x0000000086600000| PB 0x0000000086600000| Complete |  0
|  21|0x0000000086700000, 0x0000000086800000, 0x0000000086800000|100%|HS|  |TAMS 0x0000000086700000| PB 0x0000000086700000| Complete |  0
|  22|0x0000000086800000, 0x0000000086900000, 0x0000000086900000|100%|HS|  |TAMS 0x0000000086800000| PB 0x0000000086800000| Complete |  0
|  23|0x0000000086900000, 0x0000000086a00000, 0x0000000086a00000|100%|HS|  |TAMS 0x0000000086900000| PB 0x0000000086900000| Complete |  0
|  24|0x0000000086a00000, 0x0000000086b00000, 0x0000000086b00000|100%|HC|  |TAMS 0x0000000086a00000| PB 0x0000000086a00000| Complete |  0
|  25|0x0000000086b00000, 0x0000000086b00000, 0x0000000086c00000|  0%| F|  |TAMS 0x0000000086b00000| PB 0x0000000086b00000| Untracked |  0
|  26|0x0000000086c00000, 0x0000000086d00000, 0x0000000086d00000|100%| O|  |TAMS 0x0000000086c00000| PB 0x0000000086c00000| Untracked |  0
|  27|0x0000000086d00000, 0x0000000086e00000, 0x0000000086e00000|100%| O|  |TAMS 0x0000000086d00000| PB 0x0000000086d00000| Untracked |  0
|  28|0x0000000086e00000, 0x0000000086f00000, 0x0000000086f00000|100%| O|  |TAMS 0x0000000086e00000| PB 0x0000000086e00000| Untracked |  0
|  29|0x0000000086f00000, 0x0000000086f00000, 0x0000000087000000|  0%| F|  |TAMS 0x0000000086f00000| PB 0x0000000086f00000| Untracked |  0
|  30|0x0000000087000000, 0x0000000087100000, 0x0000000087100000|100%| O|Cm|TAMS 0x0000000087000000| PB 0x0000000087000000| Complete |  0
|  31|0x0000000087100000, 0x0000000087100000, 0x0000000087200000|  0%| F|  |TAMS 0x0000000087100000| PB 0x0000000087100000| Untracked |  0
|  32|0x0000000087200000, 0x0000000087200000, 0x0000000087300000|  0%| F|  |TAMS 0x0000000087200000| PB 0x0000000087200000| Untracked |  0
|  33|0x0000000087300000, 0x0000000087300000, 0x0000000087400000|  0%| F|  |TAMS 0x0000000087300000| PB 0x0000000087300000| Untracked |  0
|  34|0x0000000087400000, 0x0000000087400000, 0x0000000087500000|  0%| F|  |TAMS 0x0000000087400000| PB 0x0000000087400000| Untracked |  0
|  35|0x0000000087500000, 0x0000000087600000, 0x0000000087600000|100%| O|  |TAMS 0x0000000087500000| PB 0x0000000087500000| Untracked |  0
|  36|0x0000000087600000, 0x0000000087700000, 0x0000000087700000|100%| O|  |TAMS 0x0000000087600000| PB 0x0000000087600000| Untracked |  0
|  37|0x0000000087700000, 0x0000000087800000, 0x0000000087800000|100%| O|  |TAMS 0x0000000087700000| PB 0x0000000087700000| Untracked |  0
|  38|0x0000000087800000, 0x0000000087800000, 0x0000000087900000|  0%| F|  |TAMS 0x0000000087800000| PB 0x0000000087800000| Untracked |  0
|  39|0x0000000087900000, 0x0000000087a00000, 0x0000000087a00000|100%|HS|  |TAMS 0x0000000087900000| PB 0x0000000087900000| Complete |  0
|  40|0x0000000087a00000, 0x0000000087b00000, 0x0000000087b00000|100%|HC|  |TAMS 0x0000000087a00000| PB 0x0000000087a00000| Complete |  0
|  41|0x0000000087b00000, 0x0000000087c00000, 0x0000000087c00000|100%|HC|  |TAMS 0x0000000087b00000| PB 0x0000000087b00000| Complete |  0
|  42|0x0000000087c00000, 0x0000000087d00000, 0x0000000087d00000|100%| O|  |TAMS 0x0000000087c00000| PB 0x0000000087c00000| Untracked |  0
|  43|0x0000000087d00000, 0x0000000087e00000, 0x0000000087e00000|100%| O|  |TAMS 0x0000000087d00000| PB 0x0000000087d00000| Untracked |  0
|  44|0x0000000087e00000, 0x0000000087f00000, 0x0000000087f00000|100%| O|  |TAMS 0x0000000087e00000| PB 0x0000000087e00000| Untracked |  0
|  45|0x0000000087f00000, 0x0000000088000000, 0x0000000088000000|100%| O|Cm|TAMS 0x0000000087f00000| PB 0x0000000087f00000| Complete |  0
|  46|0x0000000088000000, 0x0000000088100000, 0x0000000088100000|100%| O|Cm|TAMS 0x0000000088000000| PB 0x0000000088000000| Complete |  0
|  47|0x0000000088100000, 0x0000000088100000, 0x0000000088200000|  0%| F|  |TAMS 0x0000000088100000| PB 0x0000000088100000| Untracked |  0
|  48|0x0000000088200000, 0x0000000088300000, 0x0000000088300000|100%| O|  |TAMS 0x0000000088200000| PB 0x0000000088200000| Untracked |  0
|  49|0x0000000088300000, 0x0000000088400000, 0x0000000088400000|100%| O|Cm|TAMS 0x0000000088300000| PB 0x0000000088300000| Complete |  0
|  50|0x0000000088400000, 0x0000000088500000, 0x0000000088500000|100%| O|  |TAMS 0x0000000088400000| PB 0x0000000088400000| Untracked |  0
|  51|0x0000000088500000, 0x0000000088500000, 0x0000000088600000|  0%| F|  |TAMS 0x0000000088500000| PB 0x0000000088500000| Untracked |  0
|  52|0x0000000088600000, 0x0000000088600000, 0x0000000088700000|  0%| F|  |TAMS 0x0000000088600000| PB 0x0000000088600000| Untracked |  0
|  53|0x0000000088700000, 0x0000000088700000, 0x0000000088800000|  0%| F|  |TAMS 0x0000000088700000| PB 0x0000000088700000| Untracked |  0
|  54|0x0000000088800000, 0x0000000088900000, 0x0000000088900000|100%| O|  |TAMS 0x0000000088800000| PB 0x0000000088800000| Untracked |  0
|  55|0x0000000088900000, 0x0000000088a00000, 0x0000000088a00000|100%| O|  |TAMS 0x0000000088900000| PB 0x0000000088900000| Untracked |  0
|  56|0x0000000088a00000, 0x0000000088b00000, 0x0000000088b00000|100%| O|  |TAMS 0x0000000088a00000| PB 0x0000000088a00000| Untracked |  0
|  57|0x0000000088b00000, 0x0000000088bc1500, 0x0000000088c00000| 75%| O|  |TAMS 0x0000000088b00000| PB 0x0000000088b00000| Untracked |  0
|  58|0x0000000088c00000, 0x0000000088c00000, 0x0000000088d00000|  0%| F|  |TAMS 0x0000000088c00000| PB 0x0000000088c00000| Untracked |  0
|  59|0x0000000088d00000, 0x0000000088d55ad0, 0x0000000088e00000| 33%| S|CS|TAMS 0x0000000088d00000| PB 0x0000000088d00000| Complete |  0
|  60|0x0000000088e00000, 0x0000000088f00000, 0x0000000088f00000|100%| S|CS|TAMS 0x0000000088e00000| PB 0x0000000088e00000| Complete |  0
|  61|0x0000000088f00000, 0x0000000089000000, 0x0000000089000000|100%| S|CS|TAMS 0x0000000088f00000| PB 0x0000000088f00000| Complete |  0
|  62|0x0000000089000000, 0x0000000089000000, 0x0000000089100000|  0%| F|  |TAMS 0x0000000089000000| PB 0x0000000089000000| Untracked |  0
|  63|0x0000000089100000, 0x0000000089200000, 0x0000000089200000|100%| S|CS|TAMS 0x0000000089100000| PB 0x0000000089100000| Complete |  0
|  64|0x0000000089200000, 0x0000000089200000, 0x0000000089300000|  0%| F|  |TAMS 0x0000000089200000| PB 0x0000000089200000| Untracked |  0
|  65|0x0000000089300000, 0x0000000089300000, 0x0000000089400000|  0%| F|  |TAMS 0x0000000089300000| PB 0x0000000089300000| Untracked |  0
|  66|0x0000000089400000, 0x0000000089400000, 0x0000000089500000|  0%| F|  |TAMS 0x0000000089400000| PB 0x0000000089400000| Untracked |  0
|  67|0x0000000089500000, 0x0000000089500000, 0x0000000089600000|  0%| F|  |TAMS 0x0000000089500000| PB 0x0000000089500000| Untracked |  0
|  68|0x0000000089600000, 0x0000000089600000, 0x0000000089700000|  0%| F|  |TAMS 0x0000000089600000| PB 0x0000000089600000| Untracked |  0
|  69|0x0000000089700000, 0x0000000089700000, 0x0000000089800000|  0%| F|  |TAMS 0x0000000089700000| PB 0x0000000089700000| Untracked |  0
|  70|0x0000000089800000, 0x0000000089800000, 0x0000000089900000|  0%| F|  |TAMS 0x0000000089800000| PB 0x0000000089800000| Untracked |  0
|  71|0x0000000089900000, 0x0000000089a00000, 0x0000000089a00000|100%| S|CS|TAMS 0x0000000089900000| PB 0x0000000089900000| Complete |  0
|  72|0x0000000089a00000, 0x0000000089b00000, 0x0000000089b00000|100%| S|CS|TAMS 0x0000000089a00000| PB 0x0000000089a00000| Complete |  0
|  73|0x0000000089b00000, 0x0000000089c00000, 0x0000000089c00000|100%| S|CS|TAMS 0x0000000089b00000| PB 0x0000000089b00000| Complete |  0
|  74|0x0000000089c00000, 0x0000000089c00000, 0x0000000089d00000|  0%| F|  |TAMS 0x0000000089c00000| PB 0x0000000089c00000| Untracked |  0
|  75|0x0000000089d00000, 0x0000000089d00000, 0x0000000089e00000|  0%| F|  |TAMS 0x0000000089d00000| PB 0x0000000089d00000| Untracked |  0
|  76|0x0000000089e00000, 0x0000000089e00000, 0x0000000089f00000|  0%| F|  |TAMS 0x0000000089e00000| PB 0x0000000089e00000| Untracked |  0
|  77|0x0000000089f00000, 0x0000000089f00000, 0x000000008a000000|  0%| F|  |TAMS 0x0000000089f00000| PB 0x0000000089f00000| Untracked |  0
|  78|0x000000008a000000, 0x000000008a000000, 0x000000008a100000|  0%| F|  |TAMS 0x000000008a000000| PB 0x000000008a000000| Untracked |  0
|  79|0x000000008a100000, 0x000000008a100000, 0x000000008a200000|  0%| F|  |TAMS 0x000000008a100000| PB 0x000000008a100000| Untracked |  0
|  80|0x000000008a200000, 0x000000008a200000, 0x000000008a300000|  0%| F|  |TAMS 0x000000008a200000| PB 0x000000008a200000| Untracked |  0
|  81|0x000000008a300000, 0x000000008a300000, 0x000000008a400000|  0%| F|  |TAMS 0x000000008a300000| PB 0x000000008a300000| Untracked |  0
|  82|0x000000008a400000, 0x000000008a400000, 0x000000008a500000|  0%| F|  |TAMS 0x000000008a400000| PB 0x000000008a400000| Untracked |  0
|  83|0x000000008a500000, 0x000000008a500000, 0x000000008a600000|  0%| F|  |TAMS 0x000000008a500000| PB 0x000000008a500000| Untracked |  0
|  84|0x000000008a600000, 0x000000008a600000, 0x000000008a700000|  0%| F|  |TAMS 0x000000008a600000| PB 0x000000008a600000| Untracked |  0
|  85|0x000000008a700000, 0x000000008a700000, 0x000000008a800000|  0%| F|  |TAMS 0x000000008a700000| PB 0x000000008a700000| Untracked |  0
|  86|0x000000008a800000, 0x000000008a800000, 0x000000008a900000|  0%| F|  |TAMS 0x000000008a800000| PB 0x000000008a800000| Untracked |  0
|  87|0x000000008a900000, 0x000000008a900000, 0x000000008aa00000|  0%| F|  |TAMS 0x000000008a900000| PB 0x000000008a900000| Untracked |  0
|  88|0x000000008aa00000, 0x000000008aa00000, 0x000000008ab00000|  0%| F|  |TAMS 0x000000008aa00000| PB 0x000000008aa00000| Untracked |  0
|  89|0x000000008ab00000, 0x000000008ab00000, 0x000000008ac00000|  0%| F|  |TAMS 0x000000008ab00000| PB 0x000000008ab00000| Untracked |  0
|  90|0x000000008ac00000, 0x000000008ac00000, 0x000000008ad00000|  0%| F|  |TAMS 0x000000008ac00000| PB 0x000000008ac00000| Untracked |  0
|  91|0x000000008ad00000, 0x000000008ad00000, 0x000000008ae00000|  0%| F|  |TAMS 0x000000008ad00000| PB 0x000000008ad00000| Untracked |  0
|  92|0x000000008ae00000, 0x000000008ae00000, 0x000000008af00000|  0%| F|  |TAMS 0x000000008ae00000| PB 0x000000008ae00000| Untracked |  0
|  93|0x000000008af00000, 0x000000008af00000, 0x000000008b000000|  0%| F|  |TAMS 0x000000008af00000| PB 0x000000008af00000| Untracked |  0
|  94|0x000000008b000000, 0x000000008b000000, 0x000000008b100000|  0%| F|  |TAMS 0x000000008b000000| PB 0x000000008b000000| Untracked |  0
|  95|0x000000008b100000, 0x000000008b100000, 0x000000008b200000|  0%| F|  |TAMS 0x000000008b100000| PB 0x000000008b100000| Untracked |  0
|  96|0x000000008b200000, 0x000000008b200000, 0x000000008b300000|  0%| F|  |TAMS 0x000000008b200000| PB 0x000000008b200000| Untracked |  0
|  97|0x000000008b300000, 0x000000008b300000, 0x000000008b400000|  0%| F|  |TAMS 0x000000008b300000| PB 0x000000008b300000| Untracked |  0
|  98|0x000000008b400000, 0x000000008b400000, 0x000000008b500000|  0%| F|  |TAMS 0x000000008b400000| PB 0x000000008b400000| Untracked |  0
|  99|0x000000008b500000, 0x000000008b500000, 0x000000008b600000|  0%| F|  |TAMS 0x000000008b500000| PB 0x000000008b500000| Untracked |  0
| 100|0x000000008b600000, 0x000000008b600000, 0x000000008b700000|  0%| F|  |TAMS 0x000000008b600000| PB 0x000000008b600000| Untracked |  0
| 101|0x000000008b700000, 0x000000008b700000, 0x000000008b800000|  0%| F|  |TAMS 0x000000008b700000| PB 0x000000008b700000| Untracked |  0
| 102|0x000000008b800000, 0x000000008b800000, 0x000000008b900000|  0%| F|  |TAMS 0x000000008b800000| PB 0x000000008b800000| Untracked |  0
| 103|0x000000008b900000, 0x000000008b900000, 0x000000008ba00000|  0%| F|  |TAMS 0x000000008b900000| PB 0x000000008b900000| Untracked |  0
| 104|0x000000008ba00000, 0x000000008ba00000, 0x000000008bb00000|  0%| F|  |TAMS 0x000000008ba00000| PB 0x000000008ba00000| Untracked |  0
| 105|0x000000008bb00000, 0x000000008bb00000, 0x000000008bc00000|  0%| F|  |TAMS 0x000000008bb00000| PB 0x000000008bb00000| Untracked |  0
| 106|0x000000008bc00000, 0x000000008bc00000, 0x000000008bd00000|  0%| F|  |TAMS 0x000000008bc00000| PB 0x000000008bc00000| Untracked |  0
| 107|0x000000008bd00000, 0x000000008bd00000, 0x000000008be00000|  0%| F|  |TAMS 0x000000008bd00000| PB 0x000000008bd00000| Untracked |  0
| 108|0x000000008be00000, 0x000000008be00000, 0x000000008bf00000|  0%| F|  |TAMS 0x000000008be00000| PB 0x000000008be00000| Untracked |  0
| 109|0x000000008bf00000, 0x000000008bf00000, 0x000000008c000000|  0%| F|  |TAMS 0x000000008bf00000| PB 0x000000008bf00000| Untracked |  0
| 110|0x000000008c000000, 0x000000008c000000, 0x000000008c100000|  0%| F|  |TAMS 0x000000008c000000| PB 0x000000008c000000| Untracked |  0
| 111|0x000000008c100000, 0x000000008c100000, 0x000000008c200000|  0%| F|  |TAMS 0x000000008c100000| PB 0x000000008c100000| Untracked |  0
| 112|0x000000008c200000, 0x000000008c200000, 0x000000008c300000|  0%| F|  |TAMS 0x000000008c200000| PB 0x000000008c200000| Untracked |  0
| 113|0x000000008c300000, 0x000000008c300000, 0x000000008c400000|  0%| F|  |TAMS 0x000000008c300000| PB 0x000000008c300000| Untracked |  0
| 114|0x000000008c400000, 0x000000008c400000, 0x000000008c500000|  0%| F|  |TAMS 0x000000008c400000| PB 0x000000008c400000| Untracked |  0
| 115|0x000000008c500000, 0x000000008c500000, 0x000000008c600000|  0%| F|  |TAMS 0x000000008c500000| PB 0x000000008c500000| Untracked |  0
| 116|0x000000008c600000, 0x000000008c600000, 0x000000008c700000|  0%| F|  |TAMS 0x000000008c600000| PB 0x000000008c600000| Untracked |  0
| 117|0x000000008c700000, 0x000000008c700000, 0x000000008c800000|  0%| F|  |TAMS 0x000000008c700000| PB 0x000000008c700000| Untracked |  0
| 118|0x000000008c800000, 0x000000008c800000, 0x000000008c900000|  0%| F|  |TAMS 0x000000008c800000| PB 0x000000008c800000| Untracked |  0
| 119|0x000000008c900000, 0x000000008c900000, 0x000000008ca00000|  0%| F|  |TAMS 0x000000008c900000| PB 0x000000008c900000| Untracked |  0
| 120|0x000000008ca00000, 0x000000008ca00000, 0x000000008cb00000|  0%| F|  |TAMS 0x000000008ca00000| PB 0x000000008ca00000| Untracked |  0
| 121|0x000000008cb00000, 0x000000008cb00000, 0x000000008cc00000|  0%| F|  |TAMS 0x000000008cb00000| PB 0x000000008cb00000| Untracked |  0
| 122|0x000000008cc00000, 0x000000008cc00000, 0x000000008cd00000|  0%| F|  |TAMS 0x000000008cc00000| PB 0x000000008cc00000| Untracked |  0
| 123|0x000000008cd00000, 0x000000008cd00000, 0x000000008ce00000|  0%| F|  |TAMS 0x000000008cd00000| PB 0x000000008cd00000| Untracked |  0
| 124|0x000000008ce00000, 0x000000008ce00000, 0x000000008cf00000|  0%| F|  |TAMS 0x000000008ce00000| PB 0x000000008ce00000| Untracked |  0
| 125|0x000000008cf00000, 0x000000008cf00000, 0x000000008d000000|  0%| F|  |TAMS 0x000000008cf00000| PB 0x000000008cf00000| Untracked |  0
| 126|0x000000008d000000, 0x000000008d100000, 0x000000008d100000|100%| E|  |TAMS 0x000000008d000000| PB 0x000000008d000000| Complete |  0
| 127|0x000000008d100000, 0x000000008d200000, 0x000000008d200000|100%| E|CS|TAMS 0x000000008d100000| PB 0x000000008d100000| Complete |  0
| 128|0x000000008d200000, 0x000000008d300000, 0x000000008d300000|100%| E|CS|TAMS 0x000000008d200000| PB 0x000000008d200000| Complete |  0
| 129|0x000000008d300000, 0x000000008d400000, 0x000000008d400000|100%| E|CS|TAMS 0x000000008d300000| PB 0x000000008d300000| Complete |  0
| 130|0x000000008d400000, 0x000000008d500000, 0x000000008d500000|100%| E|CS|TAMS 0x000000008d400000| PB 0x000000008d400000| Complete |  0
| 131|0x000000008d500000, 0x000000008d600000, 0x000000008d600000|100%| E|CS|TAMS 0x000000008d500000| PB 0x000000008d500000| Complete |  0
| 132|0x000000008d600000, 0x000000008d700000, 0x000000008d700000|100%| E|CS|TAMS 0x000000008d600000| PB 0x000000008d600000| Complete |  0
| 133|0x000000008d700000, 0x000000008d800000, 0x000000008d800000|100%| E|CS|TAMS 0x000000008d700000| PB 0x000000008d700000| Complete |  0
| 134|0x000000008d800000, 0x000000008d900000, 0x000000008d900000|100%| E|CS|TAMS 0x000000008d800000| PB 0x000000008d800000| Complete |  0
| 135|0x000000008d900000, 0x000000008da00000, 0x000000008da00000|100%| E|CS|TAMS 0x000000008d900000| PB 0x000000008d900000| Complete |  0
| 136|0x000000008da00000, 0x000000008db00000, 0x000000008db00000|100%| E|CS|TAMS 0x000000008da00000| PB 0x000000008da00000| Complete |  0
| 137|0x000000008db00000, 0x000000008dc00000, 0x000000008dc00000|100%| E|CS|TAMS 0x000000008db00000| PB 0x000000008db00000| Complete |  0
| 138|0x000000008dc00000, 0x000000008dd00000, 0x000000008dd00000|100%| E|CS|TAMS 0x000000008dc00000| PB 0x000000008dc00000| Complete |  0
| 139|0x000000008dd00000, 0x000000008de00000, 0x000000008de00000|100%| E|CS|TAMS 0x000000008dd00000| PB 0x000000008dd00000| Complete |  0
| 140|0x000000008de00000, 0x000000008df00000, 0x000000008df00000|100%| E|CS|TAMS 0x000000008de00000| PB 0x000000008de00000| Complete |  0
| 141|0x000000008df00000, 0x000000008e000000, 0x000000008e000000|100%| E|CS|TAMS 0x000000008df00000| PB 0x000000008df00000| Complete |  0
| 142|0x000000008e000000, 0x000000008e100000, 0x000000008e100000|100%| E|CS|TAMS 0x000000008e000000| PB 0x000000008e000000| Complete |  0
| 143|0x000000008e100000, 0x000000008e200000, 0x000000008e200000|100%| E|CS|TAMS 0x000000008e100000| PB 0x000000008e100000| Complete |  0
| 144|0x000000008e200000, 0x000000008e300000, 0x000000008e300000|100%| E|CS|TAMS 0x000000008e200000| PB 0x000000008e200000| Complete |  0
| 145|0x000000008e300000, 0x000000008e400000, 0x000000008e400000|100%| E|CS|TAMS 0x000000008e300000| PB 0x000000008e300000| Complete |  0
| 146|0x000000008e400000, 0x000000008e500000, 0x000000008e500000|100%| E|CS|TAMS 0x000000008e400000| PB 0x000000008e400000| Complete |  0
| 147|0x000000008e500000, 0x000000008e600000, 0x000000008e600000|100%| E|CS|TAMS 0x000000008e500000| PB 0x000000008e500000| Complete |  0
| 148|0x000000008e600000, 0x000000008e700000, 0x000000008e700000|100%| E|CS|TAMS 0x000000008e600000| PB 0x000000008e600000| Complete |  0
| 149|0x000000008e700000, 0x000000008e800000, 0x000000008e800000|100%| E|CS|TAMS 0x000000008e700000| PB 0x000000008e700000| Complete |  0
| 150|0x000000008e800000, 0x000000008e900000, 0x000000008e900000|100%| E|CS|TAMS 0x000000008e800000| PB 0x000000008e800000| Complete |  0
| 151|0x000000008e900000, 0x000000008ea00000, 0x000000008ea00000|100%| E|CS|TAMS 0x000000008e900000| PB 0x000000008e900000| Complete |  0
| 152|0x000000008ea00000, 0x000000008eb00000, 0x000000008eb00000|100%| E|CS|TAMS 0x000000008ea00000| PB 0x000000008ea00000| Complete |  0
| 153|0x000000008eb00000, 0x000000008ec00000, 0x000000008ec00000|100%| E|CS|TAMS 0x000000008eb00000| PB 0x000000008eb00000| Complete |  0
| 154|0x000000008ec00000, 0x000000008ed00000, 0x000000008ed00000|100%| E|CS|TAMS 0x000000008ec00000| PB 0x000000008ec00000| Complete |  0
| 155|0x000000008ed00000, 0x000000008ee00000, 0x000000008ee00000|100%| E|CS|TAMS 0x000000008ed00000| PB 0x000000008ed00000| Complete |  0
| 156|0x000000008ee00000, 0x000000008ef00000, 0x000000008ef00000|100%| E|CS|TAMS 0x000000008ee00000| PB 0x000000008ee00000| Complete |  0
|1950|0x00000000ff000000, 0x00000000ff100000, 0x00000000ff100000|100%| E|CS|TAMS 0x00000000ff000000| PB 0x00000000ff000000| Complete |  0
|1951|0x00000000ff100000, 0x00000000ff200000, 0x00000000ff200000|100%| O|  |TAMS 0x00000000ff100000| PB 0x00000000ff100000| Untracked |  0
|1952|0x00000000ff200000, 0x00000000ff300000, 0x00000000ff300000|100%| O|  |TAMS 0x00000000ff200000| PB 0x00000000ff200000| Untracked |  0
|1953|0x00000000ff300000, 0x00000000ff400000, 0x00000000ff400000|100%| O|  |TAMS 0x00000000ff300000| PB 0x00000000ff300000| Untracked |  0
|1954|0x00000000ff400000, 0x00000000ff500000, 0x00000000ff500000|100%| O|Cm|TAMS 0x00000000ff400000| PB 0x00000000ff400000| Complete |  0
|1955|0x00000000ff500000, 0x00000000ff600000, 0x00000000ff600000|100%| E|CS|TAMS 0x00000000ff500000| PB 0x00000000ff500000| Complete |  0
|1956|0x00000000ff600000, 0x00000000ff700000, 0x00000000ff700000|100%| E|CS|TAMS 0x00000000ff600000| PB 0x00000000ff600000| Complete |  0
|1957|0x00000000ff700000, 0x00000000ff800000, 0x00000000ff800000|100%| O|  |TAMS 0x00000000ff700000| PB 0x00000000ff700000| Untracked |  0
|1958|0x00000000ff800000, 0x00000000ff900000, 0x00000000ff900000|100%| O|  |TAMS 0x00000000ff800000| PB 0x00000000ff800000| Untracked |  0
|1959|0x00000000ff900000, 0x00000000ffa00000, 0x00000000ffa00000|100%| O|  |TAMS 0x00000000ff900000| PB 0x00000000ff900000| Untracked |  0
|1960|0x00000000ffa00000, 0x00000000ffb00000, 0x00000000ffb00000|100%| O|  |TAMS 0x00000000ffa00000| PB 0x00000000ffa00000| Untracked |  0
|1961|0x00000000ffb00000, 0x00000000ffc00000, 0x00000000ffc00000|100%| O|  |TAMS 0x00000000ffb00000| PB 0x00000000ffb00000| Untracked |  0
|1962|0x00000000ffc00000, 0x00000000ffd00000, 0x00000000ffd00000|100%| O|Cm|TAMS 0x00000000ffc00000| PB 0x00000000ffc00000| Complete |  0
|1963|0x00000000ffd00000, 0x00000000ffe00000, 0x00000000ffe00000|100%| E|CS|TAMS 0x00000000ffd00000| PB 0x00000000ffd00000| Complete |  0
|1964|0x00000000ffe00000, 0x00000000fff00000, 0x00000000fff00000|100%| E|CS|TAMS 0x00000000ffe00000| PB 0x00000000ffe00000| Complete |  0
|1965|0x00000000fff00000, 0x0000000100000000, 0x0000000100000000|100%| O|  |TAMS 0x00000000fff00000| PB 0x00000000fff00000| Untracked |  0

Card table byte_map: [0x000001cbff570000,0x000001cbff950000] _byte_map_base: 0x000001cbff147000

Marking Bits: (CMBitMap*) 0x000001cbe7956df0
 Bits: [0x000001cb80000000, 0x000001cb81eb8000)

Polling page: 0x000001cbe58a0000

Metaspace:

Usage:
  Non-class:     43.25 MB used.
      Class:      5.71 MB used.
       Both:     48.96 MB used.

Virtual space:
  Non-class space:       64.00 MB reserved,      43.56 MB ( 68%) committed,  1 nodes.
      Class space:        1.00 GB reserved,       6.00 MB ( <1%) committed,  1 nodes.
             Both:        1.06 GB reserved,      49.56 MB (  5%) committed. 

Chunk freelists:
   Non-Class:  4.36 MB
       Class:  9.83 MB
        Both:  14.19 MB

MaxMetaspaceSize: unlimited
CompressedClassSpaceSize: 1.00 GB
Initial GC threshold: 21.00 MB
Current GC threshold: 54.00 MB
CDS: on
 - commit_granule_bytes: 65536.
 - commit_granule_words: 8192.
 - virtual_space_node_default_size: 8388608.
 - enlarge_chunks_in_place: 1.
 - use_allocation_guard: 0.


Internal statistics:

num_allocs_failed_limit: 3.
num_arena_births: 522.
num_arena_deaths: 4.
num_vsnodes_births: 2.
num_vsnodes_deaths: 0.
num_space_committed: 807.
num_space_uncommitted: 8.
num_chunks_returned_to_freelist: 72.
num_chunks_taken_from_freelist: 2247.
num_chunk_merges: 21.
num_chunk_splits: 1633.
num_chunks_enlarged: 1307.
num_inconsistent_stats: 0.

CodeHeap 'non-profiled nmethods': size=120000Kb used=5408Kb max_used=5408Kb free=114591Kb
 bounds [0x000001cbf7710000, 0x000001cbf7c60000, 0x000001cbfec40000]
CodeHeap 'profiled nmethods': size=120000Kb used=17609Kb max_used=17884Kb free=102390Kb
 bounds [0x000001cbefc40000, 0x000001cbf0dc0000, 0x000001cbf7170000]
CodeHeap 'non-nmethods': size=5760Kb used=1643Kb max_used=1643Kb free=4116Kb
 bounds [0x000001cbf7170000, 0x000001cbf73e0000, 0x000001cbf7710000]
 total_blobs=8899 nmethods=8211 adapters=592
 compilation: enabled
              stopped_count=0, restarted_count=0
 full_count=0

Compilation events (20 events):
Event: 60.357 Thread 0x000001cb846314a0 9177       3       sun.security.x509.X509CertImpl::getEncodedInternal (20 bytes)
Event: 60.357 Thread 0x000001cb846314a0 nmethod 9177 0x000001cbf06ac410 code [0x000001cbf06ac5e0, 0x000001cbf06acb28]
Event: 60.492 Thread 0x000001cb846314a0 9178       3       org.springframework.core.annotation.TypeMappedAnnotations::get (52 bytes)
Event: 60.494 Thread 0x000001cb846314a0 nmethod 9178 0x000001cbefce1810 code [0x000001cbefce1a20, 0x000001cbefce2060]
Event: 60.494 Thread 0x000001cb846314a0 9180       3       org.springframework.core.annotation.TypeMappedAnnotations::get (8 bytes)
Event: 60.494 Thread 0x000001cb846314a0 nmethod 9180 0x000001cbf06ac090 code [0x000001cbf06ac240, 0x000001cbf06ac390]
Event: 60.494 Thread 0x000001cb846314a0 9179       3       java.lang.reflect.Field::hashCode (19 bytes)
Event: 60.495 Thread 0x000001cb846314a0 nmethod 9179 0x000001cbefce1210 code [0x000001cbefce13e0, 0x000001cbefce1680]
Event: 60.495 Thread 0x000001cb846314a0 9181       3       org.springframework.core.annotation.TypeMappedAnnotations$MergedAnnotationFinder::<init> (37 bytes)
Event: 60.496 Thread 0x000001cb846314a0 nmethod 9181 0x000001cbefce0b90 code [0x000001cbefce0d40, 0x000001cbefce10c0]
Event: 60.496 Thread 0x000001cb846314a0 9182   !   3       jdk.internal.loader.AbstractClassLoaderValue::get (21 bytes)
Event: 60.497 Thread 0x000001cb846314a0 nmethod 9182 0x000001cbefce0010 code [0x000001cbefce0220, 0x000001cbefce0888]
Event: 60.500 Thread 0x000001cb846314a0 9183       3       java.lang.reflect.ProxyGenerator::checkReturnTypes (288 bytes)
Event: 60.504 Thread 0x000001cb846314a0 nmethod 9183 0x000001cbefcdc810 code [0x000001cbefcdcd00, 0x000001cbefcdf368]
Event: 60.504 Thread 0x000001cb846314a0 9184       3       java.lang.reflect.ProxyGenerator$ProxyMethod::generateMethod (548 bytes)
Event: 60.510 Thread 0x000001cb846314a0 nmethod 9184 0x000001cbf022aa10 code [0x000001cbf022b000, 0x000001cbf022e190]
Event: 60.511 Thread 0x000001cb846314a0 9185       3       java.lang.reflect.ProxyGenerator::computeUniqueCatchList (163 bytes)
Event: 60.514 Thread 0x000001cb846314a0 nmethod 9185 0x000001cbefcda410 code [0x000001cbefcda740, 0x000001cbefcdbf58]
Event: 60.671 Thread 0x000001cb846314a0 9187       3       java.util.concurrent.CopyOnWriteArrayList::isEmpty (13 bytes)
Event: 60.671 Thread 0x000001cb846314a0 nmethod 9187 0x000001cbefcd9f10 code [0x000001cbefcda0c0, 0x000001cbefcda318]

GC Heap History (20 events):
Event: 11.844 GC heap before
{Heap before GC invocations=2 (full 0):
 garbage-first heap   total reserved 2013184K, committed 126976K, used 79623K [0x0000000085200000, 0x0000000100000000)
  region size 1024K, 74 young (75776K), 2 survivors (2048K)
 Metaspace       used 15522K, committed 15808K, reserved 1114112K
  class space    used 1869K, committed 1984K, reserved 1048576K
}
Event: 11.865 GC heap after
{Heap after GC invocations=3 (full 0):
 garbage-first heap   total reserved 2013184K, committed 126976K, used 13989K [0x0000000085200000, 0x0000000100000000)
  region size 1024K, 10 young (10240K), 10 survivors (10240K)
 Metaspace       used 15522K, committed 15808K, reserved 1114112K
  class space    used 1869K, committed 1984K, reserved 1048576K
}
Event: 13.926 GC heap before
{Heap before GC invocations=3 (full 0):
 garbage-first heap   total reserved 2013184K, committed 126976K, used 79525K [0x0000000085200000, 0x0000000100000000)
  region size 1024K, 74 young (75776K), 10 survivors (10240K)
 Metaspace       used 16087K, committed 16320K, reserved 1114112K
  class space    used 1877K, committed 1984K, reserved 1048576K
}
Event: 13.947 GC heap after
{Heap after GC invocations=4 (full 0):
 garbage-first heap   total reserved 2013184K, committed 126976K, used 17834K [0x0000000085200000, 0x0000000100000000)
  region size 1024K, 4 young (4096K), 4 survivors (4096K)
 Metaspace       used 16087K, committed 16320K, reserved 1114112K
  class space    used 1877K, committed 1984K, reserved 1048576K
}
Event: 16.589 GC heap before
{Heap before GC invocations=4 (full 0):
 garbage-first heap   total reserved 2013184K, committed 126976K, used 80298K [0x0000000085200000, 0x0000000100000000)
  region size 1024K, 60 young (61440K), 4 survivors (4096K)
 Metaspace       used 21197K, committed 21504K, reserved 1114112K
  class space    used 2500K, committed 2624K, reserved 1048576K
}
Event: 16.614 GC heap after
{Heap after GC invocations=5 (full 0):
 garbage-first heap   total reserved 2013184K, committed 126976K, used 27562K [0x0000000085200000, 0x0000000100000000)
  region size 1024K, 10 young (10240K), 10 survivors (10240K)
 Metaspace       used 21197K, committed 21504K, reserved 1114112K
  class space    used 2500K, committed 2624K, reserved 1048576K
}
Event: 19.942 GC heap before
{Heap before GC invocations=6 (full 0):
 garbage-first heap   total reserved 2013184K, committed 96256K, used 94122K [0x0000000085200000, 0x0000000100000000)
  region size 1024K, 71 young (72704K), 10 survivors (10240K)
 Metaspace       used 26725K, committed 27136K, reserved 1114112K
  class space    used 3101K, committed 3264K, reserved 1048576K
}
Event: 20.004 GC heap after
{Heap after GC invocations=7 (full 0):
 garbage-first heap   total reserved 2013184K, committed 122880K, used 46506K [0x0000000085200000, 0x0000000100000000)
  region size 1024K, 10 young (10240K), 10 survivors (10240K)
 Metaspace       used 26725K, committed 27136K, reserved 1114112K
  class space    used 3101K, committed 3264K, reserved 1048576K
}
Event: 22.488 GC heap before
{Heap before GC invocations=7 (full 0):
 garbage-first heap   total reserved 2013184K, committed 122880K, used 103850K [0x0000000085200000, 0x0000000100000000)
  region size 1024K, 61 young (62464K), 10 survivors (10240K)
 Metaspace       used 28897K, committed 29248K, reserved 1114112K
  class space    used 3389K, committed 3520K, reserved 1048576K
}
Event: 22.517 GC heap after
{Heap after GC invocations=8 (full 0):
 garbage-first heap   total reserved 2013184K, committed 147456K, used 48640K [0x0000000085200000, 0x0000000100000000)
  region size 1024K, 7 young (7168K), 7 survivors (7168K)
 Metaspace       used 28897K, committed 29248K, reserved 1114112K
  class space    used 3389K, committed 3520K, reserved 1048576K
}
Event: 25.307 GC heap before
{Heap before GC invocations=8 (full 0):
 garbage-first heap   total reserved 2013184K, committed 147456K, used 118272K [0x0000000085200000, 0x0000000100000000)
  region size 1024K, 71 young (72704K), 7 survivors (7168K)
 Metaspace       used 29256K, committed 29696K, reserved 1114112K
  class space    used 3415K, committed 3584K, reserved 1048576K
}
Event: 25.340 GC heap after
{Heap after GC invocations=9 (full 0):
 garbage-first heap   total reserved 2013184K, committed 147456K, used 72192K [0x0000000085200000, 0x0000000100000000)
  region size 1024K, 9 young (9216K), 9 survivors (9216K)
 Metaspace       used 29256K, committed 29696K, reserved 1114112K
  class space    used 3415K, committed 3584K, reserved 1048576K
}
Event: 27.277 GC heap before
{Heap before GC invocations=9 (full 0):
 garbage-first heap   total reserved 2013184K, committed 147456K, used 118272K [0x0000000085200000, 0x0000000100000000)
  region size 1024K, 55 young (56320K), 9 survivors (9216K)
 Metaspace       used 30672K, committed 31040K, reserved 1114112K
  class space    used 3567K, committed 3712K, reserved 1048576K
}
Event: 27.286 GC heap after
{Heap after GC invocations=10 (full 0):
 garbage-first heap   total reserved 2013184K, committed 147456K, used 66048K [0x0000000085200000, 0x0000000100000000)
  region size 1024K, 2 young (2048K), 2 survivors (2048K)
 Metaspace       used 30672K, committed 31040K, reserved 1114112K
  class space    used 3567K, committed 3712K, reserved 1048576K
}
Event: 29.588 GC heap before
{Heap before GC invocations=10 (full 0):
 garbage-first heap   total reserved 2013184K, committed 147456K, used 107008K [0x0000000085200000, 0x0000000100000000)
  region size 1024K, 41 young (41984K), 2 survivors (2048K)
 Metaspace       used 33417K, committed 33920K, reserved 1114112K
  class space    used 3896K, committed 4160K, reserved 1048576K
}
Event: 29.599 GC heap after
{Heap after GC invocations=11 (full 0):
 garbage-first heap   total reserved 2013184K, committed 147456K, used 70656K [0x0000000085200000, 0x0000000100000000)
  region size 1024K, 4 young (4096K), 4 survivors (4096K)
 Metaspace       used 33417K, committed 33920K, reserved 1114112K
  class space    used 3896K, committed 4160K, reserved 1048576K
}
Event: 33.758 GC heap before
{Heap before GC invocations=12 (full 0):
 garbage-first heap   total reserved 2013184K, committed 147456K, used 139264K [0x0000000085200000, 0x0000000100000000)
  region size 1024K, 57 young (58368K), 4 survivors (4096K)
 Metaspace       used 33793K, committed 34304K, reserved 1114112K
  class space    used 3953K, committed 4160K, reserved 1048576K
}
Event: 33.817 GC heap after
{Heap after GC invocations=13 (full 0):
 garbage-first heap   total reserved 2013184K, committed 147456K, used 72141K [0x0000000085200000, 0x0000000100000000)
  region size 1024K, 7 young (7168K), 7 survivors (7168K)
 Metaspace       used 33793K, committed 34304K, reserved 1114112K
  class space    used 3953K, committed 4160K, reserved 1048576K
}
Event: 56.195 GC heap before
{Heap before GC invocations=13 (full 0):
 garbage-first heap   total reserved 2013184K, committed 147456K, used 132557K [0x0000000085200000, 0x0000000100000000)
  region size 1024K, 61 young (62464K), 7 survivors (7168K)
 Metaspace       used 41087K, committed 41664K, reserved 1114112K
  class space    used 4854K, committed 5120K, reserved 1048576K
}
Event: 56.460 GC heap after
{Heap after GC invocations=14 (full 0):
 garbage-first heap   total reserved 2013184K, committed 177152K, used 62555K [0x0000000085200000, 0x0000000100000000)
  region size 1024K, 7 young (7168K), 7 survivors (7168K)
 Metaspace       used 41087K, committed 41664K, reserved 1114112K
  class space    used 4854K, committed 5120K, reserved 1048576K
}

Dll operation events (10 events):
Event: 0.007 Loaded shared library C:\Program Files\Java\jdk-22\bin\java.dll
Event: 0.029 Loaded shared library C:\Program Files\Java\jdk-22\bin\jsvml.dll
Event: 0.043 Loaded shared library C:\Program Files\Java\jdk-22\bin\net.dll
Event: 0.046 Loaded shared library C:\Program Files\Java\jdk-22\bin\nio.dll
Event: 0.052 Loaded shared library C:\Program Files\Java\jdk-22\bin\zip.dll
Event: 7.262 Loaded shared library C:\Program Files\Java\jdk-22\bin\jimage.dll
Event: 7.268 Loaded shared library C:\apache-maven-3.9.15-bin\apache-maven-3.9.15\lib\jansi-native\Windows\x86_64\jansi.dll
Event: 7.282 Loaded shared library C:\Program Files\Java\jdk-22\bin\verify.dll
Event: 45.196 Loaded shared library C:\Program Files\Java\jdk-22\bin\sunmscapi.dll
Event: 46.847 Loaded shared library C:\Program Files\Java\jdk-22\bin\extnet.dll

Deoptimization events (20 events):
Event: 59.069 Thread 0x000001cbe55c0e80 Uncommon trap: trap_request=0xffffff45 fr.pc=0x000001cbf773e1e4 relative=0x00000000000002a4
Event: 59.069 Thread 0x000001cbe55c0e80 Uncommon trap: reason=unstable_if action=reinterpret pc=0x000001cbf773e1e4 method=java.lang.String.hashCode()I @ 20 c2
Event: 59.069 Thread 0x000001cbe55c0e80 DEOPT PACKING pc=0x000001cbf773e1e4 sp=0x00000056adef9b70
Event: 59.069 Thread 0x000001cbe55c0e80 DEOPT UNPACKING pc=0x000001cbf71c46a2 sp=0x00000056adef9b00 mode 2
Event: 59.926 Thread 0x000001cbe55c0e80 Uncommon trap: trap_request=0xffffff45 fr.pc=0x000001cbf7b318c4 relative=0x0000000000000244
Event: 59.926 Thread 0x000001cbe55c0e80 Uncommon trap: reason=unstable_if action=reinterpret pc=0x000001cbf7b318c4 method=java.util.HashMap.putVal(ILjava/lang/Object;Ljava/lang/Object;ZZ)Ljava/lang/Object; @ 162 c2
Event: 59.926 Thread 0x000001cbe55c0e80 DEOPT PACKING pc=0x000001cbf7b318c4 sp=0x00000056adef8330
Event: 59.926 Thread 0x000001cbe55c0e80 DEOPT UNPACKING pc=0x000001cbf71c46a2 sp=0x00000056adef8258 mode 2
Event: 59.975 Thread 0x000001cbe55c0e80 Uncommon trap: trap_request=0xffffffde fr.pc=0x000001cbf786e210 relative=0x0000000000000330
Event: 59.975 Thread 0x000001cbe55c0e80 Uncommon trap: reason=class_check action=maybe_recompile pc=0x000001cbf786e210 method=java.util.Hashtable.addEntry(ILjava/lang/Object;Ljava/lang/Object;I)V @ 28 c2
Event: 59.975 Thread 0x000001cbe55c0e80 DEOPT PACKING pc=0x000001cbf786e210 sp=0x00000056adef78f0
Event: 59.976 Thread 0x000001cbe55c0e80 DEOPT UNPACKING pc=0x000001cbf71c46a2 sp=0x00000056adef78a8 mode 2
Event: 60.164 Thread 0x000001cbe55c0e80 Uncommon trap: trap_request=0xffffffde fr.pc=0x000001cbf7b8d558 relative=0x0000000000000498
Event: 60.164 Thread 0x000001cbe55c0e80 Uncommon trap: reason=class_check action=maybe_recompile pc=0x000001cbf7b8d558 method=java.util.ComparableTimSort.binarySort([Ljava/lang/Object;III)V @ 40 c2
Event: 60.164 Thread 0x000001cbe55c0e80 DEOPT PACKING pc=0x000001cbf7b8d558 sp=0x00000056adef9ae0
Event: 60.164 Thread 0x000001cbe55c0e80 DEOPT UNPACKING pc=0x000001cbf71c46a2 sp=0x00000056adef9a90 mode 2
Event: 60.329 Thread 0x000001cbe55c0e80 Uncommon trap: trap_request=0xffffff45 fr.pc=0x000001cbf7a5713c relative=0x000000000000011c
Event: 60.329 Thread 0x000001cbe55c0e80 Uncommon trap: reason=unstable_if action=reinterpret pc=0x000001cbf7a5713c method=java.util.Arrays.equals([Ljava/lang/Object;[Ljava/lang/Object;)Z @ 8 c2
Event: 60.329 Thread 0x000001cbe55c0e80 DEOPT PACKING pc=0x000001cbf7a5713c sp=0x00000056adefa930
Event: 60.329 Thread 0x000001cbe55c0e80 DEOPT UNPACKING pc=0x000001cbf71c46a2 sp=0x00000056adefa8d0 mode 2

Classes loaded (20 events):
Event: 59.985 Loading class sun/security/ssl/SessionId
Event: 59.986 Loading class sun/security/ssl/SessionId done
Event: 59.986 Loading class sun/security/ssl/SSLConfiguration$1
Event: 59.987 Loading class sun/security/ssl/SSLConfiguration$1 done
Event: 59.998 Loading class javax/net/ssl/SSLEngine
Event: 59.999 Loading class javax/net/ssl/SSLEngine done
Event: 60.005 Loading class java/time/Duration$Lazy
Event: 60.006 Loading class java/time/Duration$Lazy done
Event: 60.008 Loading class javax/net/ssl/SSLServerSocketFactory
Event: 60.009 Loading class javax/net/ServerSocketFactory
Event: 60.010 Loading class javax/net/ServerSocketFactory done
Event: 60.010 Loading class javax/net/ssl/SSLServerSocketFactory done
Event: 60.235 Loading class jdk/internal/icu/text/NormalizerBase$NFCModeImpl
Event: 60.236 Loading class jdk/internal/icu/text/NormalizerBase$NFCModeImpl done
Event: 60.236 Loading class jdk/internal/icu/impl/Norm2AllModes$NFCSingleton
Event: 60.237 Loading class jdk/internal/icu/impl/Norm2AllModes$NFCSingleton done
Event: 60.626 Loading class java/util/concurrent/LinkedBlockingDeque
Event: 60.627 Loading class java/util/concurrent/BlockingDeque
Event: 60.628 Loading class java/util/concurrent/BlockingDeque done
Event: 60.629 Loading class java/util/concurrent/LinkedBlockingDeque done

Classes unloaded (20 events):
Event: 29.637 Thread 0x000001cb844bde60 Unloading class 0x000001cb863327e8 'lombok/javac/apt/MessagerDiagnosticsReceiver'
Event: 29.637 Thread 0x000001cb844bde60 Unloading class 0x000001cb86332420 'lombok/javac/apt/InterceptingJavaFileManager'
Event: 29.637 Thread 0x000001cb844bde60 Unloading class 0x000001cb86332218 'lombok/permit/dummy/Parent'
Event: 29.637 Thread 0x000001cb844bde60 Unloading class 0x000001cb86332000 'lombok/core/CleanupRegistry'
Event: 29.637 Thread 0x000001cb844bde60 Unloading class 0x000001cb86331de8 'lombok/permit/Permit$Fake'
Event: 29.637 Thread 0x000001cb844bde60 Unloading class 0x000001cb86331be8 'lombok/permit/Permit'
Event: 29.637 Thread 0x000001cb844bde60 Unloading class 0x000001cb863318f8 'lombok/javac/apt/LombokProcessor$1'
Event: 29.637 Thread 0x000001cb844bde60 Unloading class 0x000001cb86331700 'lombok/core/DiagnosticsReceiver'
Event: 29.637 Thread 0x000001cb844bde60 Unloading class 0x000001cb86331468 'lombok/javac/apt/LombokProcessor'
Event: 29.637 Thread 0x000001cb844bde60 Unloading class 0x000001cb86331238 'lombok/core/AnnotationProcessor$EcjDescriptor'
Event: 29.637 Thread 0x000001cb844bde60 Unloading class 0x000001cb86331000 'lombok/core/AnnotationProcessor$JavacDescriptor'
Event: 29.637 Thread 0x000001cb844bde60 Unloading class 0x000001cb86330a80 'lombok/core/AnnotationProcessor$ProcessorDescriptor'
Event: 29.637 Thread 0x000001cb844bde60 Unloading class 0x000001cb86330800 'lombok/core/AnnotationProcessor'
Event: 29.637 Thread 0x000001cb844bde60 Unloading class 0x000001cb86360000 'lombok/launch/AnnotationProcessorHider$ClaimingProcessor'
Event: 29.637 Thread 0x000001cb844bde60 Unloading class 0x000001cb86330498 'lombok/launch/AnnotationProcessorHider$AstModificationNotifierData'
Event: 29.637 Thread 0x000001cb844bde60 Unloading class 0x000001cb86330218 'lombok/launch/ClassFileMetaData'
Event: 29.637 Thread 0x000001cb844bde60 Unloading class 0x000001cb86330000 'lombok/launch/PackageShader'
Event: 29.637 Thread 0x000001cb844bde60 Unloading class 0x000001cb8630c480 'lombok/launch/ShadowClassLoader'
Event: 29.637 Thread 0x000001cb844bde60 Unloading class 0x000001cb8630c280 'lombok/launch/Main'
Event: 29.637 Thread 0x000001cb844bde60 Unloading class 0x000001cb8630c000 'lombok/launch/AnnotationProcessorHider$AnnotationProcessor'

Classes redefined (0 events):
No events

Internal exceptions (20 events):
Event: 45.942 Thread 0x000001cbe55c0e80 Exception <a 'sun/nio/fs/WindowsException'{0x000000008a998218}> (0x000000008a998218) 
thrown [s\open\src\hotspot\share\prims\jni.cpp, line 520]
Event: 46.902 Thread 0x000001cbe55c0e80 Implicit null exception at 0x000001cbf78c8d3d to 0x000001cbf78c8e3c
Event: 54.883 Thread 0x000001cbe55c0e80 Exception <a 'sun/nio/fs/WindowsException'{0x000000008a3e3c18}> (0x000000008a3e3c18) 
thrown [s\open\src\hotspot\share\prims\jni.cpp, line 520]
Event: 54.886 Thread 0x000001cbe55c0e80 Exception <a 'sun/nio/fs/WindowsException'{0x000000008a208e70}> (0x000000008a208e70) 
thrown [s\open\src\hotspot\share\prims\jni.cpp, line 520]
Event: 55.060 Thread 0x000001cbe55c0e80 Exception <a 'java/lang/NoSuchMethodError'{0x000000008a26f050}: 'void java.lang.invoke.DirectMethodHandle$Holder.invokeInterface(java.lang.Object, java.lang.Object, java.lang.Object, java.lang.Object)'> (0x000000008a26f050) 
thrown [s\open\src\hotspot\share\interpreter\linkResolver.cpp, line 774]
Event: 55.679 Thread 0x000001cbe55c0e80 Exception <a 'java/lang/NoSuchMethodError'{0x0000000089f85800}: 'void java.lang.invoke.DirectMethodHandle$Holder.invokeSpecialIFC(java.lang.Object, java.lang.Object, java.lang.Object, java.lang.Object, java.lang.Object)'> (0x0000000089f85800) 
thrown [s\open\src\hotspot\share\interpreter\linkResolver.cpp, line 774]
Event: 56.020 Thread 0x000001cbe55c0e80 Exception <a 'java/lang/NoSuchMethodError'{0x0000000089de93d8}: 'java.lang.Object java.lang.invoke.DirectMethodHandle$Holder.invokeSpecial(java.lang.Object, java.lang.Object, java.lang.Object, long, java.lang.Object)'> (0x0000000089de93d8) 
thrown [s\open\src\hotspot\share\interpreter\linkResolver.cpp, line 774]
Event: 56.023 Thread 0x000001cbe55c0e80 Exception <a 'java/lang/NoSuchMethodError'{0x0000000089decfd8}: 'java.lang.Object java.lang.invoke.Invokers$Holder.linkToTargetMethod(java.lang.Object, long, java.lang.Object, java.lang.Object)'> (0x0000000089decfd8) 
thrown [s\open\src\hotspot\share\interpreter\linkResolver.cpp, line 774]
Event: 58.013 Thread 0x000001cbe55c0e80 Exception <a 'java/lang/IncompatibleClassChangeError'{0x000000008e673410}: Found class java.lang.Object, but interface was expected> (0x000000008e673410) 
thrown [s\open\src\hotspot\share\interpreter\linkResolver.cpp, line 841]
Event: 58.115 Thread 0x000001cbe55c0e80 Exception <a 'java/lang/NoSuchMethodError'{0x000000008e5c6380}: 'void java.lang.invoke.DirectMethodHandle$Holder.invokeVirtual(java.lang.Object, java.lang.Object, java.lang.Object, java.lang.Object)'> (0x000000008e5c6380) 
thrown [s\open\src\hotspot\share\interpreter\linkResolver.cpp, line 774]
Event: 58.302 Thread 0x000001cbe55c0e80 Exception <a 'java/lang/NoSuchMethodError'{0x000000008e37d220}: 'java.lang.Object java.lang.invoke.DirectMethodHandle$Holder.invokeVirtual(java.lang.Object, java.lang.Object, java.lang.Object, java.lang.Object, java.lang.Object, java.lang.Object, java.lang.Object, java.lang.Object)'> (0x000000008e37d220) 
thrown [s\open\src\hotspot\share\interpreter\linkResolver.cpp, line 774]
Event: 58.322 Thread 0x000001cbe55c0e80 Exception <a 'java/lang/NoSuchMethodError'{0x000000008e3a4340}: 'java.lang.Object java.lang.invoke.DirectMethodHandle$Holder.invokeStatic(java.lang.Object, java.lang.Object, int)'> (0x000000008e3a4340) 
thrown [s\open\src\hotspot\share\interpreter\linkResolver.cpp, line 774]
Event: 58.323 Thread 0x000001cbe55c0e80 Exception <a 'java/lang/NoSuchMethodError'{0x000000008e3a8440}: 'void java.lang.invoke.DirectMethodHandle$Holder.invokeStatic(java.lang.Object, java.lang.Object, int, java.lang.Object)'> (0x000000008e3a8440) 
thrown [s\open\src\hotspot\share\interpreter\linkResolver.cpp, line 774]
Event: 58.325 Thread 0x000001cbe55c0e80 Exception <a 'java/lang/NoSuchMethodError'{0x000000008e3af6e0}: 'void java.lang.invoke.DelegatingMethodHandle$Holder.delegate(java.lang.Object, java.lang.Object, int, java.lang.Object)'> (0x000000008e3af6e0) 
thrown [s\open\src\hotspot\share\interpreter\linkResolver.cpp, line 774]
Event: 59.257 Thread 0x000001cbe55c0e80 Exception <a 'java/security/KeyStoreException'{0x000000008dc22940}: error 5, Access is denied.
> (0x000000008dc22940) 
thrown [s\open\src\hotspot\share\prims\jni.cpp, line 539]
Event: 59.800 Thread 0x000001cbe55c0e80 Exception <a 'java/security/KeyStoreException'{0x000000008da98f98}: error 5, Access is denied.
> (0x000000008da98f98) 
thrown [s\open\src\hotspot\share\prims\jni.cpp, line 539]
Event: 59.805 Thread 0x000001cbe55c0e80 Exception <a 'java/lang/IncompatibleClassChangeError'{0x000000008daa7c18}: Found class java.lang.Object, but interface was expected> (0x000000008daa7c18) 
thrown [s\open\src\hotspot\share\interpreter\linkResolver.cpp, line 841]
Event: 59.812 Thread 0x000001cbe55c0e80 Exception <a 'sun/nio/fs/WindowsException'{0x000000008daba2a0}> (0x000000008daba2a0) 
thrown [s\open\src\hotspot\share\prims\jni.cpp, line 520]
Event: 59.812 Thread 0x000001cbe55c0e80 Exception <a 'sun/nio/fs/WindowsException'{0x000000008dabae40}> (0x000000008dabae40) 
thrown [s\open\src\hotspot\share\prims\jni.cpp, line 520]
Event: 60.329 Thread 0x000001cbe55c0e80 Implicit null exception at 0x000001cbf7a57049 to 0x000001cbf7a5712d

ZGC Phase Switch (0 events):
No events

VM Operations (20 events):
Event: 57.797 Executing VM operation: HandshakeAllThreads (Deoptimize)
Event: 57.797 Executing VM operation: HandshakeAllThreads (Deoptimize) done
Event: 57.797 Executing VM operation: Cleanup
Event: 57.797 Executing VM operation: Cleanup done
Event: 57.996 Executing VM operation: HandshakeAllThreads (Deoptimize)
Event: 57.996 Executing VM operation: HandshakeAllThreads (Deoptimize) done
Event: 58.123 Executing VM operation: HandshakeAllThreads (Deoptimize)
Event: 58.124 Executing VM operation: HandshakeAllThreads (Deoptimize) done
Event: 59.123 Executing VM operation: Cleanup
Event: 59.124 Executing VM operation: Cleanup done
Event: 59.929 Executing VM operation: HandshakeAllThreads (Deoptimize)
Event: 59.929 Executing VM operation: HandshakeAllThreads (Deoptimize) done
Event: 60.037 Executing VM operation: HandshakeAllThreads (Deoptimize)
Event: 60.037 Executing VM operation: HandshakeAllThreads (Deoptimize) done
Event: 60.211 Executing VM operation: HandshakeAllThreads (HandshakeForDeflation)
Event: 60.211 Executing VM operation: HandshakeAllThreads (HandshakeForDeflation) done
Event: 60.211 Executing VM operation: Cleanup
Event: 60.211 Executing VM operation: Cleanup done
Event: 60.211 Executing VM operation: RendezvousGCThreads
Event: 60.211 Executing VM operation: RendezvousGCThreads done

Events (20 events):
Event: 29.668 Thread 0x000001cb844bde60 flushing nmethod 0x000001cbf09c9710
Event: 29.668 Thread 0x000001cb844bde60 flushing nmethod 0x000001cbf09cf890
Event: 29.668 Thread 0x000001cb844bde60 flushing nmethod 0x000001cbf09fdb10
Event: 29.668 Thread 0x000001cb844bde60 flushing nmethod 0x000001cbf09fe710
Event: 29.668 Thread 0x000001cb844bde60 flushing nmethod 0x000001cbf0a22b90
Event: 29.668 Thread 0x000001cb844bde60 flushing nmethod 0x000001cbf0ab7290
Event: 29.668 Thread 0x000001cb844bde60 flushing nmethod 0x000001cbf0ac0890
Event: 29.673 Thread 0x000001cbcbb41050 Thread added: 0x000001cbcbb41050
Event: 29.676 Thread 0x000001cbcbb416e0 Thread added: 0x000001cbcbb416e0
Event: 29.677 Thread 0x000001cbcbb409c0 Thread added: 0x000001cbcbb409c0
Event: 29.727 Thread 0x000001cbcbb41050 Thread exited: 0x000001cbcbb41050
Event: 29.728 Thread 0x000001cbcbb416e0 Thread exited: 0x000001cbcbb416e0
Event: 29.728 Thread 0x000001cbcbb409c0 Thread exited: 0x000001cbcbb409c0
Event: 29.728 Thread 0x000001cbcc072070 Thread exited: 0x000001cbcc072070
Event: 29.728 Thread 0x000001cbccbf97e0 Thread exited: 0x000001cbccbf97e0
Event: 29.728 Thread 0x000001cbcbb42a90 Thread exited: 0x000001cbcbb42a90
Event: 29.728 Thread 0x000001cbcbb42400 Thread exited: 0x000001cbcbb42400
Event: 29.729 Thread 0x000001cbcbb41d70 Thread exited: 0x000001cbcbb41d70
Event: 46.934 Thread 0x000001cbcbb40330 Thread added: 0x000001cbcbb40330
Event: 46.966 Thread 0x000001cbcbb42400 Thread added: 0x000001cbcbb42400


Dynamic libraries:
0x00007ff7d0dd0000 - 0x00007ff7d0de0000 	C:\Program Files\Java\jdk-22\bin\java.exe
0x00007ff881480000 - 0x00007ff8816e7000 	C:\WINDOWS\SYSTEM32\ntdll.dll
0x00007ff880960000 - 0x00007ff880a29000 	C:\WINDOWS\System32\KERNEL32.DLL
0x00007ff87eaa0000 - 0x00007ff87ee97000 	C:\WINDOWS\System32\KERNELBASE.dll
0x00007ff87e750000 - 0x00007ff87e89b000 	C:\WINDOWS\System32\ucrtbase.dll
0x00007ff84d030000 - 0x00007ff84d047000 	C:\Program Files\Java\jdk-22\bin\jli.dll
0x00007ff84d010000 - 0x00007ff84d02b000 	C:\Program Files\Java\jdk-22\bin\VCRUNTIME140.dll
0x00007ff87f7d0000 - 0x00007ff87f886000 	C:\WINDOWS\System32\ADVAPI32.dll
0x00007ff880c90000 - 0x00007ff880d39000 	C:\WINDOWS\System32\msvcrt.dll
0x00007ff880830000 - 0x00007ff8808d7000 	C:\WINDOWS\System32\sechost.dll
0x00007ff87f630000 - 0x00007ff87f748000 	C:\WINDOWS\System32\RPCRT4.dll
0x00007ff87fd30000 - 0x00007ff87fef6000 	C:\WINDOWS\System32\USER32.dll
0x00007ff87deb0000 - 0x00007ff87ded7000 	C:\WINDOWS\System32\win32u.dll
0x00007ff85a4b0000 - 0x00007ff85a742000 	C:\WINDOWS\WinSxS\amd64_microsoft.windows.common-controls_6595b64144ccf1df_6.0.26100.8328_none_3e08182ce334b678\COMCTL32.dll
0x00007ff880a80000 - 0x00007ff880aab000 	C:\WINDOWS\System32\GDI32.dll
0x00007ff87ef50000 - 0x00007ff87f07c000 	C:\WINDOWS\System32\gdi32full.dll
0x00007ff87e960000 - 0x00007ff87ea03000 	C:\WINDOWS\System32\msvcp_win.dll
0x00007ff86fdf0000 - 0x00007ff86fdfb000 	C:\WINDOWS\SYSTEM32\VERSION.dll
0x00007ff880e00000 - 0x00007ff880e32000 	C:\WINDOWS\System32\IMM32.DLL
0x00007ff878dd0000 - 0x00007ff878ddc000 	C:\Program Files\Java\jdk-22\bin\vcruntime140_1.dll
0x00007ffff3300000 - 0x00007ffff338e000 	C:\Program Files\Java\jdk-22\bin\msvcp140.dll
0x00007fffda850000 - 0x00007fffdb597000 	C:\Program Files\Java\jdk-22\bin\server\jvm.dll
0x00007ff880d70000 - 0x00007ff880df0000 	C:\WINDOWS\System32\WS2_32.dll
0x00007ff87dd00000 - 0x00007ff87dd5e000 	C:\WINDOWS\SYSTEM32\POWRPROF.dll
0x00007ff872600000 - 0x00007ff872636000 	C:\WINDOWS\SYSTEM32\WINMM.dll
0x00007ff87dce0000 - 0x00007ff87dcf4000 	C:\WINDOWS\SYSTEM32\UMPDC.dll
0x00007ff87cb80000 - 0x00007ff87cb9b000 	C:\WINDOWS\SYSTEM32\kernel.appcore.dll
0x00007ff875c60000 - 0x00007ff875c6a000 	C:\Program Files\Java\jdk-22\bin\jimage.dll
0x00007ff87bda0000 - 0x00007ff87bfe2000 	C:\WINDOWS\SYSTEM32\DBGHELP.DLL
0x00007ff87f2a0000 - 0x00007ff87f623000 	C:\WINDOWS\System32\combase.dll
0x00007ff87f890000 - 0x00007ff87f969000 	C:\WINDOWS\System32\OLEAUT32.dll
0x00007ff859710000 - 0x00007ff85974b000 	C:\WINDOWS\SYSTEM32\dbgcore.DLL
0x00007ff87eea0000 - 0x00007ff87ef48000 	C:\WINDOWS\System32\bcryptPrimitives.dll
0x00007ff848ad0000 - 0x00007ff848aee000 	C:\Program Files\Java\jdk-22\bin\java.dll
0x00007ff87ff00000 - 0x00007ff88066e000 	C:\WINDOWS\System32\SHELL32.dll
0x00007ff880680000 - 0x00007ff880817000 	C:\WINDOWS\System32\ole32.dll
0x00007ff87dee0000 - 0x00007ff87e74c000 	C:\WINDOWS\System32\windows.storage.dll
0x00007ff881340000 - 0x00007ff881436000 	C:\WINDOWS\System32\SHCORE.dll
0x00007ff8812d0000 - 0x00007ff881336000 	C:\WINDOWS\System32\shlwapi.dll
0x00007ff87ddd0000 - 0x00007ff87ddf9000 	C:\WINDOWS\SYSTEM32\profapi.dll
0x00007ffff3220000 - 0x00007ffff32f7000 	C:\Program Files\Java\jdk-22\bin\jsvml.dll
0x00007ff8493d0000 - 0x00007ff8493e0000 	C:\Program Files\Java\jdk-22\bin\net.dll
0x00007ff87d1b0000 - 0x00007ff87d21c000 	C:\WINDOWS\system32\mswsock.dll
0x00007ff833370000 - 0x00007ff833386000 	C:\Program Files\Java\jdk-22\bin\nio.dll
0x00007ff82a210000 - 0x00007ff82a227000 	C:\Program Files\Java\jdk-22\bin\zip.dll
0x00007ff841e40000 - 0x00007ff841e64000 	C:\apache-maven-3.9.15-bin\apache-maven-3.9.15\lib\jansi-native\Windows\x86_64\jansi.dll
0x00007ff833360000 - 0x00007ff833370000 	C:\Program Files\Java\jdk-22\bin\verify.dll
0x00007ff87d490000 - 0x00007ff87d4ab000 	C:\WINDOWS\SYSTEM32\CRYPTSP.dll
0x00007ff87cba0000 - 0x00007ff87cbd9000 	C:\WINDOWS\system32\rsaenh.dll
0x00007ff87d260000 - 0x00007ff87d293000 	C:\WINDOWS\SYSTEM32\USERENV.dll
0x00007ff87dda0000 - 0x00007ff87ddca000 	C:\WINDOWS\SYSTEM32\bcrypt.dll
0x00007ff87d4b0000 - 0x00007ff87d4bc000 	C:\WINDOWS\SYSTEM32\CRYPTBASE.dll
0x00007ff87c600000 - 0x00007ff87c632000 	C:\WINDOWS\SYSTEM32\IPHLPAPI.DLL
0x00007ff87fcb0000 - 0x00007ff87fcba000 	C:\WINDOWS\System32\NSI.dll
0x00007ff8425c0000 - 0x00007ff8425ce000 	C:\Program Files\Java\jdk-22\bin\sunmscapi.dll
0x00007ff87f080000 - 0x00007ff87f1f8000 	C:\WINDOWS\System32\CRYPT32.dll
0x00007ff87d6b0000 - 0x00007ff87d6e0000 	C:\WINDOWS\SYSTEM32\ncrypt.dll
0x00007ff87d660000 - 0x00007ff87d69f000 	C:\WINDOWS\SYSTEM32\NTASN1.dll
0x00007ff87c640000 - 0x00007ff87c772000 	C:\WINDOWS\SYSTEM32\DNSAPI.dll
0x00007ff874bc0000 - 0x00007ff874bcb000 	C:\Windows\System32\rasadhlp.dll
0x00007ff876280000 - 0x00007ff876306000 	C:\WINDOWS\System32\fwpuclnt.dll
0x00007ff841ce0000 - 0x00007ff841ce9000 	C:\Program Files\Java\jdk-22\bin\extnet.dll
0x00007ff87d500000 - 0x00007ff87d513000 	C:\WINDOWS\SYSTEM32\MSASN1.dll
0x00007ff87d220000 - 0x00007ff87d24f000 	C:\WINDOWS\SYSTEM32\gpapi.dll
0x00007ff855970000 - 0x00007ff8559fc000 	C:\WINDOWS\system32\ncryptprov.dll

dbghelp: loaded successfully - version: 4.0.5 - missing functions: none
symbol engine: initialized successfully - sym options: 0x614 - pdb path: .;C:\Program Files\Java\jdk-22\bin;C:\WINDOWS\SYSTEM32;C:\WINDOWS\WinSxS\amd64_microsoft.windows.common-controls_6595b64144ccf1df_6.0.26100.8328_none_3e08182ce334b678;C:\Program Files\Java\jdk-22\bin\server;C:\apache-maven-3.9.15-bin\apache-maven-3.9.15\lib\jansi-native\Windows\x86_64

VM Arguments:
jvm_args: --enable-native-access=ALL-UNNAMED -Dclassworlds.conf=C:\apache-maven-3.9.15-bin\apache-maven-3.9.15\bin\m2.conf -Dmaven.home=C:\apache-maven-3.9.15-bin\apache-maven-3.9.15 -Dlibrary.jansi.path=C:\apache-maven-3.9.15-bin\apache-maven-3.9.15\lib\jansi-native -Dmaven.multiModuleProjectDirectory=C:\Users\agraw\Desktop\ParkEase\parkease_backend\analytics-service 
java_command: org.codehaus.plexus.classworlds.launcher.Launcher clean verify sonar:sonar -Dsonar.projectKey=parkease-backend-analytics-service -Dsonar.projectName=ParkEase Backend - analytics-service -Dsonar.host.url=http://localhost:9000 -Dsonar.token=squ_3b5a4bc37b72ec26530794fa9bbc760163ffddaa -DskipTests
java_class_path (initial): C:\apache-maven-3.9.15-bin\apache-maven-3.9.15\boot\plexus-classworlds-2.9.0.jar
Launcher Type: SUN_STANDARD

[Global flags]
     intx CICompilerCount                          = 4                                         {product} {ergonomic}
     uint ConcGCThreads                            = 3                                         {product} {ergonomic}
     uint G1ConcRefinementThreads                  = 10                                        {product} {ergonomic}
   size_t G1HeapRegionSize                         = 1048576                                   {product} {ergonomic}
   size_t InitialHeapSize                          = 130023424                                 {product} {ergonomic}
   size_t MarkStackSize                            = 4194304                                   {product} {ergonomic}
   size_t MaxHeapSize                              = 2061500416                                {product} {ergonomic}
   size_t MaxNewSize                               = 1236271104                                {product} {ergonomic}
   size_t MinHeapDeltaBytes                        = 1048576                                   {product} {ergonomic}
   size_t MinHeapSize                              = 8388608                                   {product} {ergonomic}
    uintx NonNMethodCodeHeapSize                   = 5839372                                {pd product} {ergonomic}
    uintx NonProfiledCodeHeapSize                  = 122909434                              {pd product} {ergonomic}
    uintx ProfiledCodeHeapSize                     = 122909434                              {pd product} {ergonomic}
    uintx ReservedCodeCacheSize                    = 251658240                              {pd product} {ergonomic}
     bool SegmentedCodeCache                       = true                                      {product} {ergonomic}
   size_t SoftMaxHeapSize                          = 2061500416                             {manageable} {ergonomic}
     bool UseCompressedOops                        = true                           {product lp64_product} {ergonomic}
     bool UseG1GC                                  = true                                      {product} {ergonomic}
     bool UseLargePagesIndividualAllocation        = false                                  {pd product} {ergonomic}

Logging:
Log output configuration:
 #0: stdout all=warning uptime,level,tags foldmultilines=false
 #1: stderr all=off uptime,level,tags foldmultilines=false

Environment Variables:
PATH=C:\Program Files\Common Files\Oracle\Java\javapath;C:\WINDOWS\system32;C:\WINDOWS;C:\WINDOWS\System32\Wbem;C:\WINDOWS\System32\WindowsPowerShell\v1.0\;C:\WINDOWS\System32\OpenSSH\;C:\Program Files\Java\jdk-22\bin;C:\Program Files\Git\cmd;C:\Program Files\MySQL\MySQL Server 8.0\bin;C:\Program Files\nodejs;C:\apache-maven-3.9.15-bin\apache-maven-3.9.15\bin;C:\Program Files\Erlang OTP\bin;C:\Program Files\RabbitMQ Server\rabbitmq_server-4.3.0\sbin;;C:\Program Files\Docker\Docker\resources\bin;C:\Program Files\MySQL\MySQL Shell 8.0\bin\;C:\Users\agraw\AppData\Local\Microsoft\WindowsApps;C:\Users\agraw\AppData\Local\Programs\Microsoft VS Code\bin;C:\Program Files\JetBrains\IntelliJ IDEA Community Edition 2024.2.0.2\bin;;C:\MinGW\bin;C:\Program Files\JetBrains\IntelliJ IDEA 2025.3.1\bin;C:\Users\agraw\AppData\Roaming\npm;C:\Users\agraw\AppData\Local\Programs\Antigravity\bin
USERNAME=agraw
OS=Windows_NT
PROCESSOR_IDENTIFIER=Intel64 Family 6 Model 154 Stepping 4, GenuineIntel
TMP=C:\Users\agraw\AppData\Local\Temp
TEMP=C:\Users\agraw\AppData\Local\Temp




Periodic native trim disabled

---------------  S Y S T E M  ---------------

OS:
 Windows 11 , 64 bit Build 26100 (10.0.26100.8328)
OS uptime: 2 days 0:16 hours
Hyper-V role detected

CPU: total 12 (initial active 12) (6 cores per cpu, 2 threads per core) family 6 model 154 stepping 4 microcode 0x42c, cx8, cmov, fxsr, ht, mmx, 3dnowpref, sse, sse2, sse3, ssse3, sse4.1, sse4.2, popcnt, lzcnt, tsc, tscinvbit, avx, avx2, aes, erms, clmul, bmi1, bmi2, adx, sha, fma, vzeroupper, clflush, clflushopt, clwb, hv, serialize, rdtscp, rdpid, fsrm, f16c, cet_ibt, cet_ss
Processor Information for processor 0
  Max Mhz: 1300, Current Mhz: 1300, Mhz Limit: 1300
Processor Information for processor 1
  Max Mhz: 1300, Current Mhz: 1300, Mhz Limit: 1300
Processor Information for processor 2
  Max Mhz: 1300, Current Mhz: 1300, Mhz Limit: 1300
Processor Information for processor 3
  Max Mhz: 1300, Current Mhz: 1300, Mhz Limit: 1300
Processor Information for processor 4
  Max Mhz: 1300, Current Mhz: 900, Mhz Limit: 897
Processor Information for processor 5
  Max Mhz: 1300, Current Mhz: 900, Mhz Limit: 897
Processor Information for processor 6
  Max Mhz: 1300, Current Mhz: 900, Mhz Limit: 897
Processor Information for processor 7
  Max Mhz: 1300, Current Mhz: 900, Mhz Limit: 897
Processor Information for processor 8
  Max Mhz: 1300, Current Mhz: 900, Mhz Limit: 897
Processor Information for processor 9
  Max Mhz: 1300, Current Mhz: 900, Mhz Limit: 897
Processor Information for processor 10
  Max Mhz: 1300, Current Mhz: 900, Mhz Limit: 897
Processor Information for processor 11
  Max Mhz: 1300, Current Mhz: 900, Mhz Limit: 897

Memory: 4k page, system-wide physical 7863M (203M free)
TotalPageFile size 32439M (AvailPageFile size 0M)
current process WorkingSet (physical memory assigned to process): 205M, peak: 265M
current process commit charge ("private bytes"): 383M, peak: 384M

vm_info: Java HotSpot(TM) 64-Bit Server VM (22.0.1+8-16) for windows-amd64 JRE (22.0.1+8-16), built on 2024-03-12T10:33:16Z by "mach5one" with MS VC++ 17.6 (VS2022)

END.
