#
# There is insufficient memory for the Java Runtime Environment to continue.
# Native memory allocation (mmap) failed to map 130023424 bytes. Error detail: G1 virtual space
# Possible reasons:
#   The system is out of physical RAM or swap space
#   This process is running with CompressedOops enabled, and the Java Heap may be blocking the growth of the native heap
# Possible solutions:
#   Reduce memory load on the system
#   Increase physical memory or swap space
#   Check if swap backing store is full
#   Decrease Java heap size (-Xmx/-Xms)
#   Decrease number of Java threads
#   Decrease Java thread stack sizes (-Xss)
#   Set larger code cache with -XX:ReservedCodeCacheSize=
#   JVM is running with Unscaled Compressed Oops mode in which the Java heap is
#     placed in the first 4GB address space. The Java Heap base address is the
#     maximum limit for the native heap growth. Please use -XX:HeapBaseMinAddress
#     to set the Java Heap base and to place the Java Heap above 4GB virtual address.
# This output file may be truncated or incomplete.
#
#  Out of Memory Error (os_windows.cpp:3631), pid=17300, tid=33196
#
# JRE version:  (22.0.1+8) (build )
# Java VM: Java HotSpot(TM) 64-Bit Server VM (22.0.1+8-16, mixed mode, sharing, tiered, compressed oops, compressed class ptrs, g1 gc, windows-amd64)
# No core dump will be written. Minidumps are not enabled by default on client versions of Windows
#

---------------  S U M M A R Y ------------

Command Line: --enable-native-access=ALL-UNNAMED 

Host: 12th Gen Intel(R) Core(TM) i5-1235U, 12 cores, 7G,  Windows 11 , 64 bit Build 26100 (10.0.26100.8328)
Time: Tue May  5 13:59:13 2026 India Standard Time elapsed time: 2.042459 seconds (0d 0h 0m 2s)

---------------  T H R E A D  ---------------

Current thread (0x0000025f48293700):  JavaThread "Unknown thread" [_thread_in_vm, id=33196, stack(0x000000859c500000,0x000000859c600000) (1024K)]

Stack: [0x000000859c500000,0x000000859c600000]
Native frames: (J=compiled Java code, j=interpreted, Vv=VM code, C=native code)
V  [jvm.dll+0x6e2279]  (no source info available)
V  [jvm.dll+0x874e33]  (no source info available)
V  [jvm.dll+0x87725e]  (no source info available)
V  [jvm.dll+0x877933]  (no source info available)
V  [jvm.dll+0x27fd76]  (no source info available)
V  [jvm.dll+0x6de915]  (no source info available)
V  [jvm.dll+0x6d341a]  (no source info available)
V  [jvm.dll+0x3589da]  (no source info available)
V  [jvm.dll+0x360f06]  (no source info available)
V  [jvm.dll+0x3b3e2e]  (no source info available)
V  [jvm.dll+0x3b40d8]  (no source info available)
V  [jvm.dll+0x32c59c]  (no source info available)
V  [jvm.dll+0x32d158]  (no source info available)
V  [jvm.dll+0x83ccdc]  (no source info available)
V  [jvm.dll+0x3c0d71]  (no source info available)
V  [jvm.dll+0x825ccc]  (no source info available)
V  [jvm.dll+0x45b8fe]  (no source info available)
V  [jvm.dll+0x45d781]  (no source info available)
C  [jli.dll+0x52a3]  (no source info available)
C  [ucrtbase.dll+0x37b0]  (no source info available)
C  [KERNEL32.DLL+0x2e957]  (no source info available)
C  [ntdll.dll+0x427c]  (no source info available)


---------------  P R O C E S S  ---------------

Threads class SMR info:
_java_thread_list=0x00007fffdb43b1c8, length=0, elements={
}

Java Threads: ( => current thread )
Total: 0

Other Threads:
  0x0000025f4a5225c0 WorkerThread "GC Thread#0"                     [id=24380, stack(0x000000859c600000,0x000000859c700000) (1024K)]
  0x0000025f4a533a30 ConcurrentGCThread "G1 Main Marker"            [id=25740, stack(0x000000859c700000,0x000000859c800000) (1024K)]
  0x0000025f4a536080 WorkerThread "G1 Conc#0"                       [id=19108, stack(0x000000859c800000,0x000000859c900000) (1024K)]

[error occurred during error reporting (printing all threads), id 0xc0000005, EXCEPTION_ACCESS_VIOLATION (0xc0000005) at pc=0x00007fffdab8f367]
VM state: not at safepoint (not fully initialized)

VM Mutex/Monitor currently owned by a thread:  ([mutex/lock_event])
[0x00007fffdb4bbcb8] Heap_lock - owner thread: 0x0000025f48293700

Heap address: 0x0000000085200000, size: 1966 MB, Compressed Oops mode: 32-bit

CDS archive(s) mapped at: [0x0000000000000000-0x0000000000000000-0x0000000000000000), size 0, SharedBaseAddress: 0x0000000800000000, ArchiveRelocationMode: 1.
Narrow klass base: 0x0000000000000000, Narrow klass shift: 0, Narrow klass range: 0x0

GC Precious Log:
 CardTable entry size: 512
 Card Set container configuration: InlinePtr #cards 5 size 8 Array Of Cards #cards 12 size 40 Howl #buckets 4 coarsen threshold 1843 Howl Bitmap #cards 512 size 80 coarsen threshold 460 Card regions per heap region 1 cards per card region 2048

Heap:
 garbage-first heap   total reserved 2013184K, committed 0K, used 0K [0x0000000085200000, 0x0000000100000000)
  region size 1024K, 0 young (0K), 0 survivors (0K)

[error occurred during error reporting (printing heap information), id 0xc0000005, EXCEPTION_ACCESS_VIOLATION (0xc0000005) at pc=0x00007fffdaf8e429]
GC Heap History (0 events):
No events

Dll operation events (1 events):
Event: 0.019 Loaded shared library C:\Program Files\Java\jdk-22\bin\java.dll

Deoptimization events (0 events):
No events

Classes loaded (0 events):
No events

Classes unloaded (0 events):
No events

Classes redefined (0 events):
No events

Internal exceptions (0 events):
No events

ZGC Phase Switch (0 events):
No events

VM Operations (0 events):
No events

Events (0 events):
No events


Dynamic libraries:
0x00007ff7d0dd0000 - 0x00007ff7d0de0000 	C:\Program Files\Java\jdk-22\bin\java.exe
0x00007ff881480000 - 0x00007ff8816e7000 	C:\WINDOWS\SYSTEM32\ntdll.dll
0x00007ff880960000 - 0x00007ff880a29000 	C:\WINDOWS\System32\KERNEL32.DLL
0x00007ff87eaa0000 - 0x00007ff87ee97000 	C:\WINDOWS\System32\KERNELBASE.dll
0x00007ff87e750000 - 0x00007ff87e89b000 	C:\WINDOWS\System32\ucrtbase.dll
0x00007ff84d030000 - 0x00007ff84d047000 	C:\Program Files\Java\jdk-22\bin\jli.dll
0x00007ff87f7d0000 - 0x00007ff87f886000 	C:\WINDOWS\System32\ADVAPI32.dll
0x00007ff84d010000 - 0x00007ff84d02b000 	C:\Program Files\Java\jdk-22\bin\VCRUNTIME140.dll
0x00007ff880c90000 - 0x00007ff880d39000 	C:\WINDOWS\System32\msvcrt.dll
0x00007ff880830000 - 0x00007ff8808d7000 	C:\WINDOWS\System32\sechost.dll
0x00007ff87f630000 - 0x00007ff87f748000 	C:\WINDOWS\System32\RPCRT4.dll
0x00007ff87fd30000 - 0x00007ff87fef6000 	C:\WINDOWS\System32\USER32.dll
0x00007ff87deb0000 - 0x00007ff87ded7000 	C:\WINDOWS\System32\win32u.dll
0x00007ff85a4b0000 - 0x00007ff85a742000 	C:\WINDOWS\WinSxS\amd64_microsoft.windows.common-controls_6595b64144ccf1df_6.0.26100.8328_none_3e08182ce334b678\COMCTL32.dll
0x00007ff880a80000 - 0x00007ff880aab000 	C:\WINDOWS\System32\GDI32.dll
0x00007ff87ef50000 - 0x00007ff87f07c000 	C:\WINDOWS\System32\gdi32full.dll
0x00007ff87e960000 - 0x00007ff87ea03000 	C:\WINDOWS\System32\msvcp_win.dll
0x00007ff86fdf0000 - 0x00007ff86fdfb000 	C:\WINDOWS\SYSTEM32\VERSION.dll
0x00007ff880e00000 - 0x00007ff880e32000 	C:\WINDOWS\System32\IMM32.DLL
0x00007ff878dd0000 - 0x00007ff878ddc000 	C:\Program Files\Java\jdk-22\bin\vcruntime140_1.dll
0x00007ffff3300000 - 0x00007ffff338e000 	C:\Program Files\Java\jdk-22\bin\msvcp140.dll
0x00007fffda850000 - 0x00007fffdb597000 	C:\Program Files\Java\jdk-22\bin\server\jvm.dll
0x00007ff880d70000 - 0x00007ff880df0000 	C:\WINDOWS\System32\WS2_32.dll
0x00007ff87dd00000 - 0x00007ff87dd5e000 	C:\WINDOWS\SYSTEM32\POWRPROF.dll
0x00007ff872600000 - 0x00007ff872636000 	C:\WINDOWS\SYSTEM32\WINMM.dll
0x00007ff87dce0000 - 0x00007ff87dcf4000 	C:\WINDOWS\SYSTEM32\UMPDC.dll
0x00007ff87cb80000 - 0x00007ff87cb9b000 	C:\WINDOWS\SYSTEM32\kernel.appcore.dll
0x00007ff875c60000 - 0x00007ff875c6a000 	C:\Program Files\Java\jdk-22\bin\jimage.dll
0x00007ff87bda0000 - 0x00007ff87bfe2000 	C:\WINDOWS\SYSTEM32\DBGHELP.DLL
0x00007ff87f2a0000 - 0x00007ff87f623000 	C:\WINDOWS\System32\combase.dll
0x00007ff87f890000 - 0x00007ff87f969000 	C:\WINDOWS\System32\OLEAUT32.dll
0x00007ff859710000 - 0x00007ff85974b000 	C:\WINDOWS\SYSTEM32\dbgcore.DLL
0x00007ff87eea0000 - 0x00007ff87ef48000 	C:\WINDOWS\System32\bcryptPrimitives.dll
0x00007ff848ad0000 - 0x00007ff848aee000 	C:\Program Files\Java\jdk-22\bin\java.dll
0x00007ff87ff00000 - 0x00007ff88066e000 	C:\WINDOWS\System32\SHELL32.dll
0x00007ff880680000 - 0x00007ff880817000 	C:\WINDOWS\System32\ole32.dll

dbghelp: loaded successfully - version: 4.0.5 - missing functions: none
symbol engine: initialized successfully - sym options: 0x614 - pdb path: .;C:\Program Files\Java\jdk-22\bin;C:\WINDOWS\SYSTEM32;C:\WINDOWS\WinSxS\amd64_microsoft.windows.common-controls_6595b64144ccf1df_6.0.26100.8328_none_3e08182ce334b678;C:\Program Files\Java\jdk-22\bin\server

VM Arguments:
jvm_args: --enable-native-access=ALL-UNNAMED 
java_command: <unknown>
java_class_path (initial): <not set>
Launcher Type: SUN_STANDARD

[Global flags]
     intx CICompilerCount                          = 4                                         {product} {ergonomic}
     uint ConcGCThreads                            = 3                                         {product} {ergonomic}
     uint G1ConcRefinementThreads                  = 10                                        {product} {ergonomic}
   size_t G1HeapRegionSize                         = 1048576                                   {product} {ergonomic}
   size_t InitialHeapSize                          = 130023424                                 {product} {ergonomic}
   size_t MarkStackSize                            = 4194304                                   {product} {ergonomic}
   size_t MaxHeapSize                              = 2061500416                                {product} {ergonomic}
   size_t MinHeapDeltaBytes                        = 1048576                                   {product} {ergonomic}
   size_t MinHeapSize                              = 8388608                                   {product} {ergonomic}
    uintx NonNMethodCodeHeapSize                   = 5839372                                {pd product} {ergonomic}
    uintx NonProfiledCodeHeapSize                  = 122909434                              {pd product} {ergonomic}
    uintx ProfiledCodeHeapSize                     = 122909434                              {pd product} {ergonomic}
    uintx ReservedCodeCacheSize                    = 251658240                              {pd product} {ergonomic}
     bool SegmentedCodeCache                       = true                                      {product} {ergonomic}
   size_t SoftMaxHeapSize                          = 2061500416                             {manageable} {ergonomic}
     bool UseCompressedOops                        = true                           {product lp64_product} {ergonomic}
     bool UseG1GC                                  = true                                      {product} {ergonomic}
     bool UseLargePagesIndividualAllocation        = false                                  {pd product} {ergonomic}

Logging:
Log output configuration:
 #0: stdout all=warning uptime,level,tags foldmultilines=false
 #1: stderr all=off uptime,level,tags foldmultilines=false

Environment Variables:
PATH=C:\Program Files\Common Files\Oracle\Java\javapath;C:\WINDOWS\system32;C:\WINDOWS;C:\WINDOWS\System32\Wbem;C:\WINDOWS\System32\WindowsPowerShell\v1.0\;C:\WINDOWS\System32\OpenSSH\;C:\Program Files\Java\jdk-22\bin;C:\Program Files\Git\cmd;C:\Program Files\MySQL\MySQL Server 8.0\bin;C:\Program Files\nodejs;C:\apache-maven-3.9.15-bin\apache-maven-3.9.15\bin;C:\Program Files\Erlang OTP\bin;C:\Program Files\RabbitMQ Server\rabbitmq_server-4.3.0\sbin;;C:\Program Files\Docker\Docker\resources\bin;C:\Program Files\MySQL\MySQL Shell 8.0\bin\;C:\Users\agraw\AppData\Local\Microsoft\WindowsApps;C:\Users\agraw\AppData\Local\Programs\Microsoft VS Code\bin;C:\Program Files\JetBrains\IntelliJ IDEA Community Edition 2024.2.0.2\bin;;C:\MinGW\bin;C:\Program Files\JetBrains\IntelliJ IDEA 2025.3.1\bin;C:\Users\agraw\AppData\Roaming\npm;C:\Users\agraw\AppData\Local\Programs\Antigravity\bin
USERNAME=agraw
OS=Windows_NT
PROCESSOR_IDENTIFIER=Intel64 Family 6 Model 154 Stepping 4, GenuineIntel
TMP=C:\Users\agraw\AppData\Local\Temp
TEMP=C:\Users\agraw\AppData\Local\Temp




Periodic native trim disabled

---------------  S Y S T E M  ---------------

OS:
 Windows 11 , 64 bit Build 26100 (10.0.26100.8328)
OS uptime: 2 days 0:17 hours
Hyper-V role detected

CPU: total 12 (initial active 12) (6 cores per cpu, 2 threads per core) family 6 model 154 stepping 4 microcode 0x42c, cx8, cmov, fxsr, ht, mmx, 3dnowpref, sse, sse2, sse3, ssse3, sse4.1, sse4.2, popcnt, lzcnt, tsc, tscinvbit, avx, avx2, aes, erms, clmul, bmi1, bmi2, adx, sha, fma, vzeroupper, clflush, clflushopt, clwb, hv, serialize, rdtscp, rdpid, fsrm, f16c, cet_ibt, cet_ss
Processor Information for processor 0
  Max Mhz: 1300, Current Mhz: 1300, Mhz Limit: 1300
Processor Information for processor 1
  Max Mhz: 1300, Current Mhz: 1300, Mhz Limit: 1300
Processor Information for processor 2
  Max Mhz: 1300, Current Mhz: 1300, Mhz Limit: 1300
Processor Information for processor 3
  Max Mhz: 1300, Current Mhz: 1300, Mhz Limit: 1300
Processor Information for processor 4
  Max Mhz: 1300, Current Mhz: 900, Mhz Limit: 897
Processor Information for processor 5
  Max Mhz: 1300, Current Mhz: 900, Mhz Limit: 897
Processor Information for processor 6
  Max Mhz: 1300, Current Mhz: 900, Mhz Limit: 897
Processor Information for processor 7
  Max Mhz: 1300, Current Mhz: 900, Mhz Limit: 897
Processor Information for processor 8
  Max Mhz: 1300, Current Mhz: 900, Mhz Limit: 897
Processor Information for processor 9
  Max Mhz: 1300, Current Mhz: 900, Mhz Limit: 897
Processor Information for processor 10
  Max Mhz: 1300, Current Mhz: 900, Mhz Limit: 897
Processor Information for processor 11
  Max Mhz: 1300, Current Mhz: 900, Mhz Limit: 897

Memory: 4k page, system-wide physical 7863M (452M free)
TotalPageFile size 32439M (AvailPageFile size 194M)
current process WorkingSet (physical memory assigned to process): 14M, peak: 14M
current process commit charge ("private bytes"): 65M, peak: 188M

vm_info: Java HotSpot(TM) 64-Bit Server VM (22.0.1+8-16) for windows-amd64 JRE (22.0.1+8-16), built on 2024-03-12T10:33:16Z by "mach5one" with MS VC++ 17.6 (VS2022)

END.
